LX51 CODE BANKING LINKER/LOCATOR V06.16.13.326                                 07/02/14  12:48:48
MS-DOS LX51 CODE BANKING LINKER/LOCATOR V06.16.13.326,  INVOKED BY:
C:\Raisonance\Ride\bin\lx51.exe "F:\BLHeli\SiLabs\BLHeli.obj"  TO( "F:\BLHeli\SiLabs\BLHeli" ) RS&
(256) PL(68) PW(78) OUTPUTSUMMARY LIBPATH(C:\Raisonance\Ride\lib\51) 


INPUT MODULES INCLUDED
  F:\BLHELI\SILABS\BLHELI.OBJ(BLHELI)


LINK MAP OF MODULE: F:\BLHELI\SILABS\BLHELI (BLHELI)

    TYPE     BASE       LENGTH    RELOCATION     SEGMENT NAME
    ----     ----       ------    ----------     ------------

    * * * * * * *   DATA/IDATA    M E M O R Y   * * * * * * *
    REG      0000H      0008H     ABSOLUTE       "REG BANK 0"
             0008H      0018H                    *** GAP ***
    DATA     0020H      000FH     ABSOLUTE       
             002FH      0001H                    *** GAP ***
    DATA     0030H      0043H     ABSOLUTE       
             0073H      000DH                    *** GAP ***
    IDATA    0080H      0024H     ABSOLUTE       
             00A4H      002CH                    *** GAP ***
    IDATA    00D0H      0030H     ABSOLUTE       

    * * * * * * *   CODE          M E M O R Y   * * * * * * *
    CODE     0000H      0003H     ABSOLUTE       
             0003H      0008H                    *** GAP ***
    CODE     000BH      0003H     ABSOLUTE       
             000EH      001DH                    *** GAP ***
    CODE     002BH      0003H     ABSOLUTE       
             002EH      002DH                    *** GAP ***
    CODE     005BH      0003H     ABSOLUTE       
             005EH      0015H                    *** GAP ***
    CODE     0073H      0003H     ABSOLUTE       
             0076H      000AH                    *** GAP ***
    CODE     0080H      1878H     ABSOLUTE       
             18F8H      0108H                    *** GAP ***
    CODE     1A00H      0023H     ABSOLUTE       
             1A23H      001DH                    *** GAP ***
    CODE     1A40H      0010H     ABSOLUTE       
    CODE     1A50H      0010H     ABSOLUTE       
    CODE     1A60H      0010H     ABSOLUTE       
             1A70H      0190H                    *** GAP ***
    CODE     1C00H      01B7H     ABSOLUTE       

EXECUTABLE SUMMARY:
-------------------
    Total INTERNAL RAM storage requirement:  00AEH (174)
    Total EXTERNAL RAM storage requirement:  0000H (0)
    Total     CODE     storage requirement:  1A91H (6801)
Note:  Summary does not include dynamic stack requirements


REFERENCE MAP OF MODULE: F:\BLHELI\SILABS\BLHELI (BLHELI)

SEGMENT                           BI_GROUP            DT_GROUP             ID_GROUP             XD_GROUP
  +--> CALLED SEGMENT          START    LENGTH     START    LENGTH     START    LENGTH     START    LENGTH
--------------------------------------------------------------------------------------

SYMBOL TABLE FOR F:\BLHELI\SILABS\BLHELI(BLHELI)
-------------------------------------------------

    VALUE              TYPE               NAME
    -----              ----               ----

	-------            MODULE             BLHELI
	C:1813H            SYMBOL             NORMAL_RUN_CHECK_STARTUP_ROT
	C:0E25H            SYMBOL             COMP_WAIT_ON_COMP_ABLE
LX51 CODE BANKING LINKER/LOCATOR V06.16.13.326             07/02/14  12:48:48

	C:0CF8H            SYMBOL             CALC_NEXT_COMM_SLOW
	C:0B4BH            SYMBOL             CHECK_TEMP_VOLTAGE_AND_LIMIT_POWER
	C:0ABDH            SYMBOL             MEASURE_LIPO_WAIT_ADC
	C:0A77H            SYMBOL             GOVERNOR_LIMIT_INT_CORR_POS
	C:0A39H            SYMBOL             GOVERNOR_CORR_NEG_PROP
	C:1A10H            SYMBOL             _EEP_MAIN_REARM_START
	C:1A06H            SYMBOL             EEP_PGM_LOW_VOLTAGE_LIM
	D:006EH            SYMBOL             PPM_THROTTLE_GAIN
	D:006BH            SYMBOL             LIPO_ADC_LIMIT_H
	D:005BH            SYMBOL             CURR_RCP_PWM_FREQ
	D:0055H            SYMBOL             RCP_EDGE_H
	D:002EH            SYMBOL             FLAGS3
	D:0026H            SYMBOL             RCP_PREV_EDGE_L
	B:00EDH            SYMBOL             AD0INT
	D:00C6H            SYMBOL             ADC0LTH
	D:00BEH            SYMBOL             ADC0H
	D:0099H            SYMBOL             SBUF0
	D:0082H            SYMBOL             DPL
	D:0080H            SYMBOL             P0
	C:1D24H            SYMBOL             FUNCTION_BEEP
	C:1550H            SYMBOL             INIT_START
	C:140FH            SYMBOL             PROGRAM_BY_TX_ENTRY_PWM
	C:1284H            SYMBOL             FIND_THROTTLE_GAIN_CALCULATE
	C:0FF2H            SYMBOL             COMM45_NFET
	C:0FEFH            SYMBOL             COMM45_NONDAMP
	C:0FCDH            SYMBOL             COMM4COMM5
	C:0D1DH            SYMBOL             WAIT_ADVANCE_TIMING_WAIT
	C:0BDEH            SYMBOL             CHECK_VOLTAGE_SPOOLUP_LIM
	C:0512H            SYMBOL             T2H_INT_RCP_STOP
	C:00CEH            SYMBOL             T0_INT_PWM_ON_LOW_PWM
	C:1A19H            SYMBOL             EEP_PGM_PPM_MIN_THROTTLE
	I:0091H            SYMBOL             PGM_VOLT_COMP_DUMMY
	D:0061H            SYMBOL             PWM_MOTOR_IDLE
	D:005AH            SYMBOL             PREV_RCP_PWM_FREQ
	D:004EH            SYMBOL             WT_COMM_L
	D:003DH            SYMBOL             COMM_PERIOD4X_H
	B:00AEH            SYMBOL             ESPI0
	D:00EFH            SYMBOL             RSTSRC
	D:00BCH            SYMBOL             ADC0CF
	D:0090H            SYMBOL             P1
	C:1D32H            SYMBOL             PARAVAL_BEEP
	C:1C92H            SYMBOL             STORE_MULTI_FUNC_10
	C:1258H            SYMBOL             DECODE_STARTUP_POWER
	C:09C6H            SYMBOL             GOVERNOR_CHECK_PWM
	C:0918H            SYMBOL             GOVERNOR_ACTIVATE
	C:0185H            SYMBOL             T0_INT_PWM_OFF_COMM_4_5_6
	C:1A0FH            SYMBOL             EEP_ENABLE_TX_PROGRAM
	I:00A3H            SYMBOL             PGM_DEMAG_COMP_POWER_DECODED
	D:0066H            SYMBOL             DAMPING_PERIOD
	B:00CCH            SYMBOL             TF2CEN
	D:00F0H            SYMBOL             B
	D:00E3H            SYMBOL             OSCLCN
	D:00A0H            SYMBOL             P2
	C:1C97H            SYMBOL             STORE_MULTI_FUNC_11
	C:1C30H            SYMBOL             WRITE_EEPROM_SIGNATURE
	C:14E3H            SYMBOL             WAIT_FOR_POWER_ON
	C:1470H            SYMBOL             THROTTLE_LOW_CAL_START
	C:18B6H            SYMBOL             ERASE_AND_STORE_ALL_IN_EEPROM
	C:13F5H            SYMBOL             ARMING_INITIAL_ARM_CHECK
	C:14BAH            SYMBOL             PROGRAM_BY_TX_CHECKED
	C:1143H            SYMBOL             SET_DEFAULT_PARAMETERS
	C:1035H            SYMBOL             COMM56_NONDAMP
	C:0F5EH            SYMBOL             COMM23_CP
	C:0CA4H            SYMBOL             CALC_NEXT_COMM_TIMING
	C:100EH            SYMBOL             COMM5COMM6
	C:0A51H            SYMBOL             CALC_GOVERNOR_INT_CORR
	C:094FH            SYMBOL             CALC_GOVERNOR_TARGET_EXIT
	C:065FH            SYMBOL             PCA_INT_STORE_DATA
LX51 CODE BANKING LINKER/LOCATOR V06.16.13.326             07/02/14  12:48:48

	C:049DH            SYMBOL             T2_INT_RCP_GAIN_POS
	C:045EH            SYMBOL             T2_INT_RCP_UPDATE_START
	C:12A1H            SYMBOL             RESET
	C:1A1AH            SYMBOL             EEP_PGM_PPM_MAX_THROTTLE
	I:009FH            SYMBOL             PGM_GOV_P_GAIN_DECODED
	D:005FH            SYMBOL             PWM_LIMIT_SPOOLUP
	D:0053H            SYMBOL             RCP_PREPREV_EDGE_H
	D:004BH            SYMBOL             WT_ADVANCE_H
	D:00C0H            SYMBOL             SMB0CN
	D:0098H            SYMBOL             SCON0
	D:0081H            SYMBOL             SP
	C:1D9BH            SYMBOL             FUNCTION_NEXT
	C:1C9CH            SYMBOL             STORE_MULTI_FUNC_12
	C:163AH            SYMBOL             STEPPER_ROT_BEG
	C:143CH            SYMBOL             THROTTLE_HIGH_CAL
	C:124AH            SYMBOL             DECODE_THROTTLE_RATE
	C:0C76H            SYMBOL             STEPPER_STEP_MED_LOW
	C:0C2AH            SYMBOL             INITIALIZE_ALL_TIMINGS
	C:0C1EH            SYMBOL             STARTUP_PWM_SET_PWM
	I:009BH            SYMBOL             PGM_THROTTLE_RATE
	I:008FH            SYMBOL             PGM_STARTUP_RPM
	I:0088H            SYMBOL             PGM_DIRECTION
	I:0087H            SYMBOL             PGM_PWM_FREQ
	D:006AH            SYMBOL             LIPO_ADC_LIMIT_L
	D:0054H            SYMBOL             RCP_EDGE_L
	B:00D6H            SYMBOL             AC
	D:00E6H            SYMBOL             EIE1
	D:00C5H            SYMBOL             ADC0LTL
	D:00BDH            SYMBOL             ADC0L
	D:00BAH            SYMBOL             AMX0N
	C:1D86H            SYMBOL             PARAVAL_NEXT
	C:1CA1H            SYMBOL             STORE_MULTI_FUNC_13
	C:1C04H            SYMBOL             WRITE_EEPROM_BYTE
	C:137FH            SYMBOL             MEASURE_PWM_FREQ_INIT
	C:10A3H            SYMBOL             COMM61_CP
	C:10B2H            SYMBOL             COMM_EXIT
	C:0CFFH            SYMBOL             SETUP_ZC_SCAN_WAIT
	C:0A4AH            SYMBOL             CALC_GOVERNOR_INT_CORRECTION
	C:06BDH            SYMBOL             PCA_INT_PPM_CHECK_FULL_RANGE
	C:0763H            SYMBOL             PCA_INT_PWM_DIVIDE
	C:0786H            SYMBOL             PCA_INT_LIMITED
	C:04A4H            SYMBOL             T2_INT_PWM_UPDATE
	C:0109H            SYMBOL             T0_INT_PWM_OFF_DAMPED
	C:1A22H            SYMBOL             EEP_DUMMY
	C:1A02H            SYMBOL             EEP_LAYOUT_REVISION
	I:009EH            SYMBOL             PGM_PPM_CENTER_THROTTLE
	I:008EH            SYMBOL             PGM_GOV_SETUP_TARGET
	D:003CH            SYMBOL             COMM_PERIOD4X_L
	D:0022H            SYMBOL             REQUESTED_PWM
	B:00D2H            SYMBOL             OV
	B:009DH            SYMBOL             MCE0
	C:1D50H            SYMBOL             FUNC_PARAVAL_WAIT
	C:1CA6H            SYMBOL             STORE_MULTI_FUNC_14
	C:1C59H            SYMBOL             WRITE_TAG
	C:188DH            SYMBOL             READ_EEPROM_STORE_DEFAULTS
	C:170CH            SYMBOL             RUN1
	C:12FEH            SYMBOL             CLEAR_RAM
	C:1274H            SYMBOL             SET_BEC_VOLTAGE
	C:1231H            SYMBOL             DECODE_GOVERNOR_GAINS
	C:1106H            SYMBOL             DEC_STEP_HIGH
	C:0E9EH            SYMBOL             WAIT_FOR_COMM
	C:0D46H            SYMBOL             CALC_NEW_WAIT_DIR_START_SET
	C:0B3AH            SYMBOL             MEASURE_LIPO_ADD_LOOP
	C:0988H            SYMBOL             CALC_GOVERNOR_PROP_ERROR_EXIT
	C:086CH            SYMBOL             DIV_U16_BY_U16_DIV1
	C:07DFH            SYMBOL             WAIT100MS
	C:07CBH            SYMBOL             WAIT1MS
	C:009AH            SYMBOL             STARTUP_POWER_TABLE
LX51 CODE BANKING LINKER/LOCATOR V06.16.13.326             07/02/14  12:48:48

	C:1A1BH            SYMBOL             EEP_PGM_BEEP_STRENGTH
	C:1A13H            SYMBOL             EEP_PGM_STARTUP_ACCEL
	D:0072H            SYMBOL             TX_PGM_BEEP_NO
	D:0065H            SYMBOL             SPOOLUP_LIMIT_SKIP
	B:00FDH            SYMBOL             MODF
	B:00AFH            SYMBOL             EA
	D:00BBH            SYMBOL             AMX0P
	D:0097H            SYMBOL             IDA0H
	D:008FH            SYMBOL             PSCTL
	C:1D1EH            SYMBOL             FUNCTION_PARAVAL_BEEP
	C:1CABH            SYMBOL             STORE_MULTI_FUNC_15
	C:1C61H            SYMBOL             STORE_NEW_VALUE_IN_RAM
	C:17F6H            SYMBOL             DIRECT_START_PWM_LIM_SET
	C:172AH            SYMBOL             RUN2
	C:13FFH            SYMBOL             ARMING_PPM_CHECK
	C:1005H            SYMBOL             COMM45_CP
	C:0DB8H            SYMBOL             WAIT_BEFORE_ZC_SCAN
	C:0B42H            SYMBOL             MEASURE_LIPO_UPDATE
	C:0A96H            SYMBOL             GOVERNOR_CORR_INT_MIN_PWM
	C:0984H            SYMBOL             GOVERNOR_STORE_PROP_ERROR
	C:0876H            SYMBOL             DIV_U16_BY_U16_DIV2
	C:07E4H            SYMBOL             WAIT200MS
	C:04B9H            SYMBOL             T2_INT_CURRENT_PWM_UPDATE
	C:0494H            SYMBOL             T2_INT_RCP_GAIN_CORR
	C:0406H            SYMBOL             T2_INT_PULSES_ABSENT
	C:1A09H            SYMBOL             EEP_PGM_STARTUP_PWR
	I:0083H            SYMBOL             PGM_LOW_VOLTAGE_LIM
	D:0052H            SYMBOL             RCP_PREPREV_EDGE_L
	D:004AH            SYMBOL             WT_ADVANCE_L
	D:0049H            SYMBOL             GOV_ACTIVE
	D:00E4H            SYMBOL             IT01CF
	D:00E0H            SYMBOL             ACC
	C:1CB0H            SYMBOL             STORE_MULTI_FUNC_16
	C:1748H            SYMBOL             RUN3
	C:15A7H            SYMBOL             DIRECT_METHOD_START
	C:11D9H            SYMBOL             DECODE_DAMPING_DONE
	C:0E4AH            SYMBOL             PWM_WAIT
	C:0BEEH            SYMBOL             CHECK_VOLTAGE_EXIT
	C:0A7EH            SYMBOL             GOVERNOR_LIMIT_INT_CORR_NEG
	C:09AEH            SYMBOL             GOVERNOR_CHECK_INT_LIMIT_POS
	C:088DH            SYMBOL             DIV_U16_BY_U16_DIV3
	C:07D0H            SYMBOL             WAIT3MS
	C:008DH            SYMBOL             THROTTLE_RATE_TABLE
	C:1A1FH            SYMBOL             EEP_PGM_DEMAG_COMP
	C:1A00H            SYMBOL             EEP_FW_MAIN_REVISION
	I:0096H            SYMBOL             PGM_PPM_MIN_THROTTLE
	I:008BH            SYMBOL             INITIALIZED_H_DUMMY
	D:0043H            SYMBOL             GOV_INTEGRAL_H
	D:0032H            SYMBOL             POWER_ON_WAIT_CNT_H
	B:00EFH            SYMBOL             AD0EN
	B:00C5H            SYMBOL             STA
	B:00ACH            SYMBOL             ES0
	B:009FH            SYMBOL             S0MODE
	D:00FFH            SYMBOL             VDM0CN
	D:00F1H            SYMBOL             P0MDIN
	D:009DH            SYMBOL             CPT0MD
	D:009BH            SYMBOL             CPT0CN
	C:1D49H            SYMBOL             BEEP_NO_ENTRY
	C:1871H            SYMBOL             JMP_WAIT_FOR_POWER_ON
	C:17F9H            SYMBOL             DIRECT_START_CHECK_RCP
	C:1766H            SYMBOL             RUN4
	C:0D98H            SYMBOL             STORE_TIMES_UP_OR_DOWN
	C:0DABH            SYMBOL             STORE_TIMES_DECREASE
	C:0C90H            SYMBOL             STEPPER_STEP_SET
	C:0B7EH            SYMBOL             TEMP_AVERAGE_INC
	C:0AA7H            SYMBOL             GOVERNOR_CORR_INT_MAX_PWM
	C:089CH            SYMBOL             MULT_S16_BY_U8_DIV_16
	C:0720H            SYMBOL             PCA_INT_PPM_NEG_CHECKED
LX51 CODE BANKING LINKER/LOCATOR V06.16.13.326             07/02/14  12:48:48

	C:0166H            SYMBOL             T0_INT_PWM_OFF_COMM_2_3
	C:1A08H            SYMBOL             _EEP_PGM_MOTOR_IDLE
	D:0039H            SYMBOL             DEMAG_CONSECUTIVE_CNT
	D:0030H            SYMBOL             INITIAL_ARM
	B:00DFH            SYMBOL             CF
	B:00A9H            SYMBOL             ET0
	D:00F2H            SYMBOL             P1MDIN
	D:00E8H            SYMBOL             ADC0CN
	D:00A4H            SYMBOL             P0MDOUT
	C:1C3FH            SYMBOL             READ_TAGS
	C:1784H            SYMBOL             RUN5
	C:0E50H            SYMBOL             COMP_READ
	C:0E11H            SYMBOL             COMP_WAIT_SET_RESPONSE_TIME
	C:0D4CH            SYMBOL             DIVIDE_WAIT_TIMES
	C:0A9BH            SYMBOL             GOVERNOR_CORR_NEG_INT
	C:0979H            SYMBOL             GOVERNOR_LIMIT_PROP_ERROR_POS
	C:08FBH            SYMBOL             GOVERNOR_TARGET_CALC
	C:08F3H            SYMBOL             CALC_GOVERNOR_TARGET
	C:076AH            SYMBOL             PCA_INT_PWM_DIVIDE_DONE
	C:04DAH            SYMBOL             T2_INT_CURRENT_PWM_DONE
	C:1A16H            SYMBOL             EEP_PGM_DAMPING_FORCE
	I:0097H            SYMBOL             PGM_PPM_MAX_THROTTLE
	D:006FH            SYMBOL             BEEP_STRENGTH
	D:0057H            SYMBOL             RCP_PREV_PERIOD_H
	D:0038H            SYMBOL             DIRECT_STARTUP_OK_CNT
	B:00ABH            SYMBOL             ET1
	B:008DH            SYMBOL             TF0
	D:00A5H            SYMBOL             P1MDOUT
	D:0096H            SYMBOL             IDA0L
	C:17A1H            SYMBOL             RUN6
	C:13DFH            SYMBOL             ARMING_START
	C:1383H            SYMBOL             MEASURE_PWM_FREQ_LOOP
	C:1133H            SYMBOL             DECREMENT_STEP_EXIT
	C:10C5H            SYMBOL             COMM_RETURN
	C:0905H            SYMBOL             GOVERNOR_DEACTIVATE
	C:077BH            SYMBOL             PCA_INT_CHECK_LEGAL_RANGE
	C:02FEH            SYMBOL             PWM_BNFET_APFET_ON_SAFE
	C:0233H            SYMBOL             PWM_ANFET_BPFET_ON_SAFE
	C:01CDH            SYMBOL             PWM_NOFET_ON
	C:1A07H            SYMBOL             EEP_PGM_MOTOR_GAIN
	I:00A1H            SYMBOL             PGM_THROTTLE_RATE_DECODED
	I:008DH            SYMBOL             PGM_MAIN_REARM_START
	D:0037H            SYMBOL             STARTUP_ROT_CNT
	B:00CDH            SYMBOL             TF2LEN
	B:00ADH            SYMBOL             ET2
	B:0098H            SYMBOL             RI0
	B:008FH            SYMBOL             TF1
	D:00CBH            SYMBOL             TMR2RLH
	D:00C2H            SYMBOL             SMB0DAT
	D:00A6H            SYMBOL             P2MDOUT
	C:14C4H            SYMBOL             ARM_TARGET_UPDATED
	C:0E5FH            SYMBOL             EVALUATE_COMPARATOR_INTEGRITY
	C:0BA8H            SYMBOL             TEMP_CHECK_EXIT
	C:0A20H            SYMBOL             GOVERNOR_APPLY_PROP_CORR
	C:0347H            SYMBOL             PWM_CNFET_APFET_ON_SAFE
	C:027CH            SYMBOL             PWM_ANFET_CPFET_ON_SAFE
	C:1A05H            SYMBOL             EEP_PGM_GOV_MODE
	I:008CH            SYMBOL             PGM_ENABLE_TX_PROGRAM
	I:008AH            SYMBOL             INITIALIZED_L_DUMMY
	D:0042H            SYMBOL             GOV_INTEGRAL_L
	D:0031H            SYMBOL             POWER_ON_WAIT_CNT_L
	D:0023H            SYMBOL             GOVERNOR_REQ_PWM
	B:00C7H            SYMBOL             MASTER
	B:00BEH            SYMBOL             PSPI0
	D:00FAH            SYMBOL             PCA0H
	D:00A1H            SYMBOL             SPI0CFG
	D:0093H            SYMBOL             TMR3RLH
	D:008CH            SYMBOL             TH0
LX51 CODE BANKING LINKER/LOCATOR V06.16.13.326             07/02/14  12:48:48

	C:18D9H            SYMBOL             WRITE_EEPROM_BLOCK1
	C:1806H            SYMBOL             NORMAL_RUN_CHECKS
	C:1121H            SYMBOL             DEC_STEP_MED_LOW
	C:0DE0H            SYMBOL             WAIT_FOR_COMP_OUT_START
	C:0D13H            SYMBOL             WAIT_ADVANCE_TIMING
	C:0950H            SYMBOL             CALC_GOVERNOR_PROP_ERROR
	C:071AH            SYMBOL             PCA_INT_PPM_UNIDIR_NEG
	C:0447H            SYMBOL             T2_INT_PPM_TIMEOUT_SET
	C:03A0H            SYMBOL             PWM_CNFET_BPFET_ON_SAFE
	C:02BDH            SYMBOL             PWM_BNFET_CPFET_ON_SAFE
	C:1A01H            SYMBOL             EEP_FW_SUB_REVISION
	I:0098H            SYMBOL             PGM_BEEP_STRENGTH
	I:0090H            SYMBOL             PGM_STARTUP_ACCEL
	B:00A8H            SYMBOL             EX0
	B:0099H            SYMBOL             TI0
	B:0088H            SYMBOL             IT0
	D:00F8H            SYMBOL             SPI0CN
	D:00CDH            SYMBOL             TMR2H
	D:008DH            SYMBOL             TH1
	C:18E7H            SYMBOL             WRITE_EEPROM_BLOCK2
	C:14ABH            SYMBOL             PROGRAM_BY_TX_ENTRY_WAIT_PPM
	C:1874H            SYMBOL             READ_ALL_EEPROM_PARAMETERS
	C:0EB8H            SYMBOL             WAIT_FOR_COMM_BLIND
	C:00DCH            SYMBOL             T0_INT_PWM_OFF_START_CHECKED
	C:00BAH            SYMBOL             T0_INT
	C:1A14H            SYMBOL             _EEP_PGM_VOLT_COMP
	C:1A04H            SYMBOL             EEP_PGM_GOV_I_GAIN
	I:0086H            SYMBOL             PGM_STARTUP_PWR
	D:005CH            SYMBOL             RCP_STOP_CNT
	D:0059H            SYMBOL             NEW_RCP
	D:0056H            SYMBOL             RCP_PREV_PERIOD_L
	B:00AAH            SYMBOL             EX1
	B:008AH            SYMBOL             IT1
	D:00B1H            SYMBOL             OSCXCN
	D:00A8H            SYMBOL             IE
	D:0095H            SYMBOL             TMR3H
	D:008EH            SYMBOL             CKCON
	C:1266H            SYMBOL             DECODE_DEMAG_COMP
	C:0E89H            SYMBOL             EVAL_COMP_EXIT
	C:0E71H            SYMBOL             EVAL_COMP_NO_DEMAG
	C:0C84H            SYMBOL             STEPPER_STEP_LOW
	C:0AFFH            SYMBOL             MEASURE_LIPO_ADJUST
	C:0797H            SYMBOL             PCA_INT_SET_TIMEOUT
	C:01CFH            SYMBOL             PWM_AFET_ON
	C:00CCH            SYMBOL             T0_INT_PWM_ON_EXECUTE
	C:1A18H            SYMBOL             EEP_PGM_STARTUP_METHOD
	C:1A15H            SYMBOL             EEP_PGM_COMM_TIMING
	I:009CH            SYMBOL             PGM_DEMAG_COMP
	D:0051H            SYMBOL             WT_STEPPER_STEP_H
	D:003BH            SYMBOL             PREV_COMM_H
	D:0028H            SYMBOL             RCP_TIMEOUT_CNT
	B:00F9H            SYMBOL             TXBMT
	B:00FCH            SYMBOL             RXOVRN
	B:00C1H            SYMBOL             ACK
	D:00FCH            SYMBOL             PCA0CPH0
	D:00F6H            SYMBOL             EIP1
	D:00CAH            SYMBOL             TMR2RLL
	D:00B9H            SYMBOL             IDA0CN
	C:16AAH            SYMBOL             STEPPER_ROT_EXIT
	C:15E7H            SYMBOL             STEPPER_METHOD_START
	C:1213H            SYMBOL             DECODE_PARAMS_DIR_SET
	C:0EDCH            SYMBOL             COMM12_DAMP
	C:0E8AH            SYMBOL             SETUP_COMM_WAIT
	C:0C9DH            SYMBOL             CALC_NEXT_COMM_TIMING_START
	C:0BD4H            SYMBOL             CHECK_VOLTAGE_LIM
	C:09E5H            SYMBOL             CALC_GOVERNOR_INT_ERROR_EXIT
	C:04D7H            SYMBOL             T2_INT_SET_CURRENT_PWM
	C:01E1H            SYMBOL             PWM_BFET_ON
LX51 CODE BANKING LINKER/LOCATOR V06.16.13.326             07/02/14  12:48:48

	C:03E7H            SYMBOL             T2_INT
	D:0069H            SYMBOL             LIPO_ADC_REFERENCE_H
	D:005DH            SYMBOL             AUTO_BAILOUT_ARMED
	D:0020H            SYMBOL             BIT_ACCESS
	B:00D0H            SYMBOL             P
	D:00F9H            SYMBOL             PCA0L
	D:00EAH            SYMBOL             PCA0CPH1
	D:0092H            SYMBOL             TMR3RLL
	D:008AH            SYMBOL             TL0
	D:0087H            SYMBOL             PCON
	C:14D0H            SYMBOL             ARM_END_BEEP
	C:143AH            SYMBOL             THROTTLE_HIGH_CAL_START
	C:0DD1H            SYMBOL             WAIT_FOR_COMP_OUT_LOW
	C:0D68H            SYMBOL             LOAD_MIN_TIME
	C:0D27H            SYMBOL             CALC_NEW_WAIT_TIMES
	C:0BFAH            SYMBOL             SET_STARTUP_PWM
	C:09DFH            SYMBOL             GOVERNOR_STORE_INT_ERROR
	C:0942H            SYMBOL             GOVERNOR_ACTIVATE_50K
	C:01F3H            SYMBOL             PWM_CFET_ON
	C:00A7H            SYMBOL             DEMAG_POWER_TABLE
	C:0080H            SYMBOL             GOV_GAIN_TABLE
	C:053CH            SYMBOL             T3_INT
	I:0093H            SYMBOL             PGM_DAMPING_FORCE
	I:0085H            SYMBOL             PGM_MOTOR_IDLE
	D:0071H            SYMBOL             TX_PGM_PARAVAL_NO
	D:006CH            SYMBOL             ADC_CONVERSION_CNT
	D:0048H            SYMBOL             GOV_ARM_TARGET
	D:003FH            SYMBOL             COMP_WAIT_READS
	C:1A40H            SYMBOL             EEP_ESC_LAYOUT
	B:00C6H            SYMBOL             TXMODE
	D:00ECH            SYMBOL             PCA0CPH2
	D:00CCH            SYMBOL             TMR2L
	D:008BH            SYMBOL             TL1
	C:1D4CH            SYMBOL             FUNC_PARAVAL
	C:1CBAH            SYMBOL             WAIT1S_LOOP
	C:1C65H            SYMBOL             STORE_MULTI_FUNC_1
	C:1829H            SYMBOL             RUN6_CHECK_RCP_TIMEOUT
	C:10E4H            SYMBOL             DECREMENT_STEP
	C:0F2EH            SYMBOL             COMM23_DAMP
	C:0EBAH            SYMBOL             WAIT_DEMAG_DEFAULT_ZC
	C:0D6CH            SYMBOL             ADJUST_TIMING
	C:0C5AH            SYMBOL             STEPPER_STEP_MED_HIGH
	C:0B1FH            SYMBOL             MEASURE_LIPO_DIVIDE_LOOP
	C:0AACH            SYMBOL             MEASURE_LIPO_START
	C:0A49H            SYMBOL             CALC_GOVERNOR_PROP_CORR_EXIT
	C:09DAH            SYMBOL             GOVERNOR_INT_MIN_PWM
	C:0980H            SYMBOL             GOVERNOR_LIMIT_PROP_ERROR_NEG
	C:07F4H            SYMBOL             BEEP_F1
	C:1A1DH            SYMBOL             EEP_PGM_BEACON_DELAY
	C:1A1CH            SYMBOL             EEP_PGM_BEACON_STRENGTH
	I:00D0H            SYMBOL             TAG_TEMPORARY_STORAGE
	I:0084H            SYMBOL             PGM_MOTOR_GAIN
	D:006DH            SYMBOL             CURRENT_AVERAGE_TEMP
	D:0063H            SYMBOL             PWM_OFF_CNT
	D:0060H            SYMBOL             PWM_SPOOLUP_BEG
	D:005EH            SYMBOL             PWM_LIMIT
	D:004DH            SYMBOL             WT_ZC_SCAN_H
	D:0034H            SYMBOL             STEPPER_STEP_BEG_H
	B:00FFH            SYMBOL             SPIF
	B:00CBH            SYMBOL             T2SPLIT
	B:00C3H            SYMBOL             ACKRQ
	D:0094H            SYMBOL             TMR3L
	C:1C6AH            SYMBOL             STORE_MULTI_FUNC_2
	C:1822H            SYMBOL             INITIAL_RUN_PHASE_DONE
	C:1292H            SYMBOL             TEST_THROTTLE_GAIN
	C:0C68H            SYMBOL             STEPPER_STEP_MED
	C:0A47H            SYMBOL             GOVERNOR_STORE_PROP_CORR
	C:0A0BH            SYMBOL             GOVERNOR_CHECK_PROP_CORR_LIMIT_POS
LX51 CODE BANKING LINKER/LOCATOR V06.16.13.326             07/02/14  12:48:48

	C:08B6H            SYMBOL             MULT_S16_BY_U8_POSITIVE
	C:0864H            SYMBOL             DIV_U16_BY_U16
	C:0817H            SYMBOL             BEEP_ONOFF
	C:07FBH            SYMBOL             BEEP_F2
	C:06F0H            SYMBOL             PCA_INT_PPM_BIDIR_FWD
	C:0652H            SYMBOL             PCA_INT_CHECK_DIFF
	C:044BH            SYMBOL             T2_INT_SKIP_START
	C:01C6H            SYMBOL             T0_INT_PWM_OFF_FULLPOWER_EXIT
	C:1A17H            SYMBOL             _EEP_PGM_GOV_RANGE
	I:0082H            SYMBOL             PGM_GOV_MODE
	D:0050H            SYMBOL             WT_STEPPER_STEP_L
	D:003AH            SYMBOL             PREV_COMM_L
	B:00BCH            SYMBOL             PS0
	D:00FBH            SYMBOL             PCA0CPL0
	C:1D46H            SYMBOL             PARAVAL_NO_ENTRY
	C:1C6FH            SYMBOL             STORE_MULTI_FUNC_3
	C:1CEFH            SYMBOL             SUCCESS_BEEP_INVERTED
	C:1CC0H            SYMBOL             SUCCESS_BEEP
	C:1275H            SYMBOL             FIND_THROTTLE_GAIN
	C:10D8H            SYMBOL             DECREMENT_STEPPER_STEP
	C:1063H            SYMBOL             COMM61_DAMP
	C:0F82H            SYMBOL             COMM34_DAMP
	C:0B6EH            SYMBOL             TEMP_AVERAGE_INC_DEC
	C:09D3H            SYMBOL             GOVERNOR_INT_MAX_PWM
	C:09B7H            SYMBOL             GOVERNOR_LIMIT_INT_ERROR_POS
	C:0802H            SYMBOL             BEEP_F3
	C:0585H            SYMBOL             PCA_INT_FAIL_MINIMUM
	C:03E0H            SYMBOL             T0_INT_PWM_ON_EXIT_NO_TIMER_UPDATE
	C:01B6H            SYMBOL             T0_INT_PWM_OFF_EXIT
	D:0068H            SYMBOL             LIPO_ADC_REFERENCE_L
	D:0064H            SYMBOL             SPOOLUP_LIMIT_CNT
	D:0062H            SYMBOL             PWM_ON_CNT
	B:00CFH            SYMBOL             TF2H
	B:00B9H            SYMBOL             PT0
	D:00E9H            SYMBOL             PCA0CPL1
	D:00DAH            SYMBOL             PCA0CPM0
	D:00B6H            SYMBOL             FLSCL
	D:0089H            SYMBOL             TMOD
	D:0088H            SYMBOL             TCON
	C:1C74H            SYMBOL             STORE_MULTI_FUNC_4
	C:1702H            SYMBOL             DAMPED_TRANSITION
	C:150BH            SYMBOL             BEEP_DELAY_SET
	C:1420H            SYMBOL             PROGRAM_BY_TX_ENTRY_WAIT_PWM
	C:12C0H            SYMBOL             LOCK_BYTE_OK
	C:122BH            SYMBOL             DECODE_PWM_FREQ_LOW
	C:11B1H            SYMBOL             DECODE_DAMPING_3
	C:0D37H            SYMBOL             CALC_NEW_WAIT_RED_SET
	C:0809H            SYMBOL             BEEP_F4
	C:074AH            SYMBOL             PCA_INT_PPM_MAX_CHECKED
	C:063EH            SYMBOL             PCA_INT_RESTORE_EDGE
	C:0530H            SYMBOL             T2H_INT_RCP_EXIT
	C:1A03H            SYMBOL             EEP_PGM_GOV_P_GAIN
	I:00A2H            SYMBOL             PGM_STARTUP_PWR_DECODED
	I:0081H            SYMBOL             PGM_GOV_I_GAIN
	B:00FAH            SYMBOL             NSSMD0
	B:00FEH            SYMBOL             WCOL
	B:00E8H            SYMBOL             AD0CM0
	B:00DEH            SYMBOL             CR
	B:00D3H            SYMBOL             RS0
	B:00BBH            SYMBOL             PT1
	B:009CH            SYMBOL             REN0
	D:00EBH            SYMBOL             PCA0CPL2
	D:00DBH            SYMBOL             PCA0CPM1
	D:00D9H            SYMBOL             PCA0MD
	D:00D8H            SYMBOL             PCA0CN
	D:00A3H            SYMBOL             SPI0DAT
	C:1DAAH            SYMBOL             PROGRAM_BY_TX_EXIT
	C:1C79H            SYMBOL             STORE_MULTI_FUNC_5
LX51 CODE BANKING LINKER/LOCATOR V06.16.13.326             07/02/14  12:48:48

	C:1C00H            SYMBOL             READ_EEPROM_BYTE
	C:17DEH            SYMBOL             DIRECT_START_PARAMS_SET
	C:1472H            SYMBOL             THROTTLE_LOW_CAL
	C:11BBH            SYMBOL             DECODE_DAMPING_4
	C:0FD5H            SYMBOL             COMM45_DAMP
	C:0ECAH            SYMBOL             WAIT_FOR_COMM_SETUP
	C:0B86H            SYMBOL             TEMP_AVERAGE_UPDATED
	C:0A82H            SYMBOL             GOVERNOR_APPLY_INT_CORR
	C:0A16H            SYMBOL             GOVERNOR_LIMIT_PROP_CORR_POS
	C:0858H            SYMBOL             BEEP_OFF
	C:07D5H            SYMBOL             WAIT10MS
	C:06F7H            SYMBOL             PCA_INT_PPM_BIDIR_DIR_CHANGE
	C:052EH            SYMBOL             T2H_INT_RCP_NO_LIMIT
	C:03D3H            SYMBOL             T0_INT_PWM_ON_EXIT
	C:1A20H            SYMBOL             EEP_PGM_BEC_VOLTAGE_HIGH
	C:1A0EH            SYMBOL             EEP_INITIALIZED_H
	C:1A0CH            SYMBOL             EEP_PGM_INPUT_POL
	I:0095H            SYMBOL             PGM_STARTUP_METHOD
	I:0092H            SYMBOL             PGM_COMM_TIMING
	D:0070H            SYMBOL             TX_PGM_FUNC_NO
	D:004CH            SYMBOL             WT_ZC_SCAN_L
	D:0033H            SYMBOL             STEPPER_STEP_BEG_L
	D:0024H            SYMBOL             CURRENT_PWM
	B:00FBH            SYMBOL             NSSMD1
	B:00E9H            SYMBOL             AD0CM1
	B:00EEH            SYMBOL             AD0TM
	B:00D4H            SYMBOL             RS1
	B:00D5H            SYMBOL             F0
	B:00C4H            SYMBOL             STO
	B:00BDH            SYMBOL             PT2
	B:008CH            SYMBOL             TR0
	D:00DCH            SYMBOL             PCA0CPM2
	D:00C8H            SYMBOL             TMR2CN
	C:1C7EH            SYMBOL             STORE_MULTI_FUNC_6
	C:1C48H            SYMBOL             READ_TAG
	C:12DCH            SYMBOL             RESET_CAL_DONE
	C:11C5H            SYMBOL             DECODE_DAMPING_5
	C:119DH            SYMBOL             DECODE_PARAMETERS
	C:113DH            SYMBOL             STEPPER_TIMER_WAIT
	C:0D9EH            SYMBOL             STORE_TIMES_INCREASE
	C:0BCDH            SYMBOL             CHECK_VOLTAGE_GOOD
	C:0AACH            SYMBOL             MEASURE_LIPO_CELLS
	C:0989H            SYMBOL             CALC_GOVERNOR_INT_ERROR
	C:06CDH            SYMBOL             PCA_INT_PPM_CALCULATE
	C:07B1H            SYMBOL             PCA_INT_EXIT
	C:047CH            SYMBOL             T2_INT_RCP_UPDATE_MULT
	C:012DH            SYMBOL             T0_INT_PWM_OFF_DO_DAMPED
	D:0058H            SYMBOL             RCP_PERIOD_DIFF_ACCEPTED
	B:00EAH            SYMBOL             AD0CM2
	B:00EBH            SYMBOL             AD0WINT
	B:00D1H            SYMBOL             F1
	B:00C2H            SYMBOL             ARBLOST
	B:008EH            SYMBOL             TR1
	D:00D4H            SYMBOL             P0SKIP
	D:0091H            SYMBOL             TMR3CN
	C:1C83H            SYMBOL             STORE_MULTI_FUNC_7
	C:1833H            SYMBOL             RUN6_CHECK_SPEED
	C:1537H            SYMBOL             WAIT_FOR_POWER_ON_PPM_NOT_MISSING
	C:11CFH            SYMBOL             DECODE_DAMPING_6
	C:112AH            SYMBOL             DEC_STEP_LOW
	C:1020H            SYMBOL             COMM56_DAMP
	C:10C6H            SYMBOL             SWITCH_POWER_OFF
	C:07DAH            SYMBOL             WAIT30MS
	C:073BH            SYMBOL             PCA_INT_PPM_BIDIR_DONE
	C:062FH            SYMBOL             PCA_INT_CHECK_1KHZ
	C:04F6H            SYMBOL             T2H_INT
	C:017BH            SYMBOL             T0_INT_PWM_OFF_COMM_3
	D:0044H            SYMBOL             GOV_INTEGRAL_X
LX51 CODE BANKING LINKER/LOCATOR V06.16.13.326             07/02/14  12:48:48

	C:1A50H            SYMBOL             EEP_ESC_MCU
	B:00ECH            SYMBOL             AD0BUSY
	B:00C8H            SYMBOL             T2XCLK
	B:00CAH            SYMBOL             TR2
	B:00CEH            SYMBOL             TF2L
	B:00B8H            SYMBOL             PX0
	D:00D5H            SYMBOL             P1SKIP
	C:1D79H            SYMBOL             FUNC_PARAVAL_CONT_WAIT
	C:1C88H            SYMBOL             STORE_MULTI_FUNC_8
	C:1C52H            SYMBOL             WRITE_TAGS
	C:1CB8H            SYMBOL             WAIT1S
	C:183DH            SYMBOL             RUN_TO_WAIT_FOR_POWER_ON
	C:0E7FH            SYMBOL             EVAL_COMP_CHECK_TIMEOUT
	C:0D8EH            SYMBOL             ADJUST_TIMING_TWO_STEPS
	C:0BF9H            SYMBOL             CHECK_VOLTAGE_RET
	C:09EDH            SYMBOL             CALC_GOVERNOR_PROP_CORR
	C:0949H            SYMBOL             GOVERNOR_ACTIVATE_RANGE_SET
	C:07EBH            SYMBOL             WAITXMS_M
	C:061EH            SYMBOL             PCA_INT_CHECK_2KHZ
	C:0100H            SYMBOL             T0_INT_PWM_OFF_STOPPED
	I:009AH            SYMBOL             PGM_BEACON_DELAY
	I:0099H            SYMBOL             PGM_BEACON_STRENGTH
	D:0041H            SYMBOL             GOV_TARGET_H
	B:00BAH            SYMBOL             PX1
	D:00B8H            SYMBOL             IP
	C:1C8DH            SYMBOL             STORE_MULTI_FUNC_9
	C:1586H            SYMBOL             READ_INITIAL_TEMP
	C:1528H            SYMBOL             WAIT_FOR_POWER_ON_NO_BEEP
	C:1230H            SYMBOL             DECODE_PWM_FREQ_END
	C:0ECCH            SYMBOL             WAIT_FOR_COMM_WAIT
	C:0E45H            SYMBOL             PWM_WAIT_STARTUP
	C:0B47H            SYMBOL             START_ADC_CONVERSION
	C:08EAH            SYMBOL             MULT_S16_BY_U8_EXIT
	C:075CH            SYMBOL             PCA_INT_PPM_LIMIT_AFTER_MULT
	C:0523H            SYMBOL             T2H_INT_RCP_GOV_PWM
	C:04A4H            SYMBOL             T2_INT_PWM_MIN_RUN
	C:02E0H            SYMBOL             PWM_BNFET_APFET_ON_FAST
	C:020DH            SYMBOL             PWM_ANFET_BPFET_ON_FAST
	C:0195H            SYMBOL             T0_INT_PWM_OFF_COMM_5
	C:1A60H            SYMBOL             EEP_NAME
	C:1A0DH            SYMBOL             EEP_INITIALIZED_L
	D:0021H            SYMBOL             BIT_ACCESS_INT
	D:00D0H            SYMBOL             PSW
	C:1CB5H            SYMBOL             STORE_IN_RAM_EXIT
	C:13B9H            SYMBOL             VALIDATE_RCP_START
	C:12B9H            SYMBOL             LOCK_BYTE_TEST
	C:110FH            SYMBOL             DEC_STEP_MED_HIGH
	C:10C3H            SYMBOL             COMM_RESTORE_POWER
	C:0EF1H            SYMBOL             COMM12_NONDAMP
	C:0ED2H            SYMBOL             COMM1COMM2
	C:0B84H            SYMBOL             TEMP_AVERAGE_UPDATED_LOAD_ACC
	C:0B7AH            SYMBOL             TEMP_AVERAGE_DEC
	C:09E6H            SYMBOL             CALC_GOVERNOR_PROP_CORRECTION
	C:07E9H            SYMBOL             WAITXMS_O
	C:07A3H            SYMBOL             PCA_INT_PPM_TIMEOUT_SET
	C:060DH            SYMBOL             PCA_INT_CHECK_4KHZ
	C:0321H            SYMBOL             PWM_CNFET_APFET_ON_FAST
	C:025EH            SYMBOL             PWM_ANFET_CPFET_ON_FAST
	C:01A7H            SYMBOL             T0_INT_PWM_OFF_COMM_6
	C:00D0H            SYMBOL             T0_INT_PWM_ON_STOPPED
	C:00D3H            SYMBOL             T0_INT_PWM_OFF
	I:0094H            SYMBOL             PGM_GOV_RANGE
	D:0046H            SYMBOL             GOV_PROPORTIONAL_H
	D:0036H            SYMBOL             STEPPER_STEP_END_H
	D:00C4H            SYMBOL             ADC0GTH
	D:00C1H            SYMBOL             SMB0CF
	D:00B7H            SYMBOL             FLKEY
	C:18B5H            SYMBOL             READ_EEPROM_EXIT
LX51 CODE BANKING LINKER/LOCATOR V06.16.13.326             07/02/14  12:48:48

	C:14E8H            SYMBOL             WAIT_FOR_POWER_ON_LOOP
	C:1118H            SYMBOL             DEC_STEP_MED
	C:0CA8H            SYMBOL             READ_TIMER
	C:0BACH            SYMBOL             CHECK_VOLTAGE_START
	C:0AABH            SYMBOL             CALC_GOVERNOR_INT_CORR_EXIT
	C:09C0H            SYMBOL             GOVERNOR_LIMIT_INT_ERROR_NEG
	C:08CFH            SYMBOL             MULT_S16_BY_U8_DIV_LOOP
	C:0810H            SYMBOL             BEEP
	C:0705H            SYMBOL             PCA_INT_PPM_BIDIR_DIR_SET
	C:066BH            SYMBOL             PCA_INT_FALL
	C:04E7H            SYMBOL             T2_INT_PWM_EXIT
	C:0453H            SYMBOL             T2_INT_SKIP_END
	C:0372H            SYMBOL             PWM_CNFET_BPFET_ON_FAST
	C:029FH            SYMBOL             PWM_BNFET_CPFET_ON_FAST
	C:0144H            SYMBOL             T0_INT_PWM_OFF_DAMPED_LIGHT
	C:00AAH            SYMBOL             TX_PGM_PARAMS_MULTI
	I:00A0H            SYMBOL             PGM_GOV_I_GAIN_DECODED
	I:0080H            SYMBOL             PGM_GOV_P_GAIN
	D:0067H            SYMBOL             DAMPING_ON
	D:003EH            SYMBOL             COMM_PHASE
	D:0027H            SYMBOL             RCP_PREV_EDGE_H
	B:00D8H            SYMBOL             CCF0
	B:00D7H            SYMBOL             CY
	B:00C0H            SYMBOL             SI
	B:009AH            SYMBOL             RB80
	D:00E1H            SYMBOL             XBR0
	D:00AAH            SYMBOL             EMI0CN
	D:00A2H            SYMBOL             SPI0CKR
	D:009FH            SYMBOL             CPT0MX
	D:0083H            SYMBOL             DPH
	C:1C19H            SYMBOL             ERASE_FLASH
	C:1D3DH            SYMBOL             PROGRAM_BY_TX
	C:0F4BH            SYMBOL             COMM23_NFET
	C:0F48H            SYMBOL             COMM23_NONDAMP
	C:0F26H            SYMBOL             COMM2COMM3
	C:0C4CH            SYMBOL             STEPPER_STEP_HIGH
	C:0AE4H            SYMBOL             MEASURE_LIPO_CELL_LOOP
	C:0AA9H            SYMBOL             GOVERNOR_STORE_INT_CORR
	C:0A6BH            SYMBOL             GOVERNOR_CHECK_INT_CORR_LIMIT_POS
	C:0A34H            SYMBOL             GOVERNOR_CORR_PROP_MIN_PWM
	C:0936H            SYMBOL             GOVERNOR_ACTIVATE_100K
	C:1A1EH            SYMBOL             EEP_PGM_THROTTLE_RATE
	C:1A12H            SYMBOL             EEP_PGM_STARTUP_RPM
	C:1A11H            SYMBOL             _EEP_PGM_GOV_SETUP_TARGET
	C:1A0BH            SYMBOL             EEP_PGM_DIRECTION
	C:1A0AH            SYMBOL             EEP_PGM_PWM_FREQ
	I:009DH            SYMBOL             PGM_BEC_VOLTAGE_HIGH
	I:0089H            SYMBOL             PGM_INPUT_POL
	D:004FH            SYMBOL             WT_COMM_H
	D:0040H            SYMBOL             GOV_TARGET_L
	D:002BH            SYMBOL             FLAGS0
	D:002AH            SYMBOL             RCP_EDGE_CNT
	D:0025H            SYMBOL             CURRENT_PWM_LIMITED
	B:00D9H            SYMBOL             CCF1
	D:00E2H            SYMBOL             XBR1
	D:00B3H            SYMBOL             OSCICL
	C:1D6BH            SYMBOL             FUNC_PARAVAL_STORE
	C:1C05H            SYMBOL             WRITE_EEPROM_BYTE_FROM_ACC
	C:189DH            SYMBOL             READ_EEPROM_BLOCK1
	C:1896H            SYMBOL             READ_EEPROM_READ
	C:0B46H            SYMBOL             MEASURE_LIPO_EXIT
	C:0A1CH            SYMBOL             GOVERNOR_LIMIT_PROP_CORR_NEG
	C:096DH            SYMBOL             GOVERNOR_CHECK_PROP_LIMIT_POS
	C:05B1H            SYMBOL             PCA_INT_SECOND_MEAS_PWM_FREQ
	C:0506H            SYMBOL             T2H_INT_RCP_STOP_CHECK
	C:0546H            SYMBOL             PCA_INT
	C:1A21H            SYMBOL             EEP_PGM_PPM_CENTER_THROTTLE
	D:002CH            SYMBOL             FLAGS1
LX51 CODE BANKING LINKER/LOCATOR V06.16.13.326             07/02/14  12:48:48

	B:00DAH            SYMBOL             CCF2
	B:009BH            SYMBOL             TB80
	B:0089H            SYMBOL             IE0
	D:00D1H            SYMBOL             REF0CN
	D:00A9H            SYMBOL             CLKSEL
	C:18ABH            SYMBOL             READ_EEPROM_BLOCK2
	C:1381H            SYMBOL             MEASURE_PWM_FREQ_START
	C:1088H            SYMBOL             COMM61_NFET
	C:1085H            SYMBOL             COMM61_NONDAMP
	C:105BH            SYMBOL             COMM6COMM1
	C:0F8FH            SYMBOL             COMM34_NONDAMP
	C:0F70H            SYMBOL             COMM3COMM4
	C:0DFEH            SYMBOL             COMP_WAIT_SET_MAX_READINGS
	C:0DDAH            SYMBOL             WAIT_FOR_COMP_OUT_HIGH
	C:0C29H            SYMBOL             STARTUP_PWM_EXIT
	C:0B36H            SYMBOL             MEASURE_LIPO_LIMIT_ON
	C:0A45H            SYMBOL             GOVERNOR_CORR_PROP_MAX_PWM
	C:06E7H            SYMBOL             PCA_INT_PPM_BIDIR_REV
	C:05FCH            SYMBOL             PCA_INT_CHECK_8KHZ
	C:0127H            SYMBOL             T0_INT_PWM_OFF_CLR_CNT
	D:0047H            SYMBOL             GOV_PROP_PWM
	D:0045H            SYMBOL             GOV_PROPORTIONAL_L
	D:0035H            SYMBOL             STEPPER_STEP_END_L
	D:002DH            SYMBOL             FLAGS2
	D:0029H            SYMBOL             RCP_SKIP_CNT
	B:00F8H            SYMBOL             SPIEN
	B:008BH            SYMBOL             IE1
	D:00C3H            SYMBOL             ADC0GTL
	D:00B2H            SYMBOL             OSCICN
	C:0000H            LINE#              1876
	C:00BAH            LINE#              1915
	C:00BCH            LINE#              1916
	C:00BEH            LINE#              1917
	C:00C0H            LINE#              1919
	C:00C3H            LINE#              1922
	C:00C6H            LINE#              1924
	C:00C9H            LINE#              1926
	C:00CCH            LINE#              1929
	C:00CDH            LINE#              1930
	C:00CEH            LINE#              1935
	C:00D0H            LINE#              1956
	C:00D3H            LINE#              1960
	C:00D6H            LINE#              1961
	C:00DCH            LINE#              1964
	C:00DFH            LINE#              1966
	C:00E1H            LINE#              1968
	C:00E3H            LINE#              1969
	C:00E4H            LINE#              1970
	C:00E6H            LINE#              1971
	C:00E8H            LINE#              1973
	C:00EAH            LINE#              1975
	C:00EDH            LINE#              1978
	C:00F0H            LINE#              1981
	C:00F3H            LINE#              1982
	C:00F5H            LINE#              1983
	C:00F7H            LINE#              1984
	C:00FDH            LINE#              1985
	C:00FFH            LINE#              1986
	C:0100H            LINE#              1989
	C:0106H            LINE#              1990
	C:0109H            LINE#              1993
	C:010BH            LINE#              1994
	C:010DH            LINE#              1995
	C:010FH            LINE#              1996
	C:0111H            LINE#              1998
	C:0112H            LINE#              1999
	C:0114H            LINE#              2000
	C:0115H            LINE#              2001
LX51 CODE BANKING LINKER/LOCATOR V06.16.13.326             07/02/14  12:48:48

	C:0117H            LINE#              2002
	C:0119H            LINE#              2004
	C:011BH            LINE#              2005
	C:011DH            LINE#              2006
	C:011EH            LINE#              2007
	C:0120H            LINE#              2008
	C:0122H            LINE#              2009
	C:0124H            LINE#              2011
	C:0127H            LINE#              2014
	C:012AH            LINE#              2015
	C:012DH            LINE#              2019
	C:0130H            LINE#              2021
	C:0136H            LINE#              2022
	C:0138H            LINE#              2023
	C:013BH            LINE#              2024
	C:0141H            LINE#              2025
	C:0144H            LINE#              2029
	C:0146H            LINE#              2031
	C:014CH            LINE#              2032
	C:014EH            LINE#              2033
	C:0151H            LINE#              2034
	C:0154H            LINE#              2039
	C:0156H            LINE#              2040
	C:0159H            LINE#              2041
	C:0163H            LINE#              2043
	C:0166H            LINE#              2046
	C:0169H            LINE#              2050
	C:016BH            LINE#              2051
	C:016EH            LINE#              2052
	C:0178H            LINE#              2054
	C:017BH            LINE#              2060
	C:017DH            LINE#              2061
	C:0180H            LINE#              2062
	C:0182H            LINE#              2064
	C:0185H            LINE#              2067
	C:0188H            LINE#              2068
	C:018BH            LINE#              2073
	C:018DH            LINE#              2074
	C:0190H            LINE#              2075
	C:0192H            LINE#              2077
	C:0195H            LINE#              2083
	C:0197H            LINE#              2084
	C:019AH            LINE#              2085
	C:01A4H            LINE#              2087
	C:01A7H            LINE#              2093
	C:01A9H            LINE#              2094
	C:01ACH            LINE#              2095
	C:01B6H            LINE#              2099
	C:01B9H            LINE#              2100
	C:01BBH            LINE#              2101
	C:01BDH            LINE#              2102
	C:01C3H            LINE#              2103
	C:01C5H            LINE#              2104
	C:01C6H            LINE#              2107
	C:01C8H            LINE#              2108
	C:01CAH            LINE#              2109
	C:01CCH            LINE#              2110
	C:01CDH            LINE#              2115
	C:01CFH            LINE#              2118
	C:01DDH            LINE#              2119
	C:01DFH            LINE#              2120
	C:01E1H            LINE#              2123
	C:01E7H            LINE#              2124
	C:01F1H            LINE#              2125
	C:01F3H            LINE#              2128
	C:0201H            LINE#              2129
	C:020BH            LINE#              2130
	C:020DH            LINE#              2133
LX51 CODE BANKING LINKER/LOCATOR V06.16.13.326             07/02/14  12:48:48

	C:0217H            LINE#              2134
	C:0225H            LINE#              2135
	C:022FH            LINE#              2136
	C:0231H            LINE#              2137
	C:0233H            LINE#              2140
	C:023DH            LINE#              2141
	C:0247H            LINE#              2142
	C:0249H            LINE#              2143
	C:024CH            LINE#              2144
	C:025AH            LINE#              2145
	C:025CH            LINE#              2146
	C:025EH            LINE#              2149
	C:0268H            LINE#              2150
	C:0276H            LINE#              2151
	C:0278H            LINE#              2152
	C:027AH            LINE#              2153
	C:027CH            LINE#              2156
	C:0286H            LINE#              2157
	C:0288H            LINE#              2158
	C:028AH            LINE#              2159
	C:028DH            LINE#              2160
	C:029BH            LINE#              2161
	C:029DH            LINE#              2162
	C:029FH            LINE#              2165
	C:02A1H            LINE#              2166
	C:02A7H            LINE#              2167
	C:02B1H            LINE#              2168
	C:02BBH            LINE#              2169
	C:02BDH            LINE#              2172
	C:02BFH            LINE#              2173
	C:02C9H            LINE#              2174
	C:02CBH            LINE#              2175
	C:02CEH            LINE#              2176
	C:02D4H            LINE#              2177
	C:02DEH            LINE#              2178
	C:02E0H            LINE#              2181
	C:02E2H            LINE#              2182
	C:02E8H            LINE#              2183
	C:02F2H            LINE#              2184
	C:02FCH            LINE#              2185
	C:02FEH            LINE#              2188
	C:0300H            LINE#              2189
	C:030AH            LINE#              2190
	C:030CH            LINE#              2191
	C:030FH            LINE#              2192
	C:0315H            LINE#              2193
	C:031FH            LINE#              2194
	C:0321H            LINE#              2197
	C:032BH            LINE#              2198
	C:0339H            LINE#              2199
	C:033BH            LINE#              2200
	C:0345H            LINE#              2201
	C:0347H            LINE#              2204
	C:0351H            LINE#              2205
	C:0353H            LINE#              2206
	C:0355H            LINE#              2207
	C:0358H            LINE#              2208
	C:0366H            LINE#              2209
	C:0370H            LINE#              2210
	C:0372H            LINE#              2213
	C:037CH            LINE#              2214
	C:038AH            LINE#              2215
	C:0394H            LINE#              2216
	C:039EH            LINE#              2217
	C:03A0H            LINE#              2220
	C:03AAH            LINE#              2221
	C:03B4H            LINE#              2222
	C:03B6H            LINE#              2223
LX51 CODE BANKING LINKER/LOCATOR V06.16.13.326             07/02/14  12:48:48

	C:03B9H            LINE#              2224
	C:03C7H            LINE#              2225
	C:03D1H            LINE#              2226
	C:03D3H            LINE#              2230
	C:03D5H            LINE#              2231
	C:03D6H            LINE#              2232
	C:03D8H            LINE#              2234
	C:03DBH            LINE#              2235
	C:03DEH            LINE#              2236
	C:03E0H            LINE#              2239
	C:03E2H            LINE#              2240
	C:03E4H            LINE#              2241
	C:03E6H            LINE#              2242
	C:03E7H            LINE#              2253
	C:03E9H            LINE#              2254
	C:03EBH            LINE#              2255
	C:03EEH            LINE#              2256
	C:03F0H            LINE#              2257
	C:03F2H            LINE#              2258
	C:03F4H            LINE#              2259
	C:03F6H            LINE#              2261
	C:03F8H            LINE#              2263
	C:03FAH            LINE#              2264
	C:03FCH            LINE#              2267
	C:03FEH            LINE#              2268
	C:0400H            LINE#              2269
	C:0402H            LINE#              2271
	C:0404H            LINE#              2272
	C:0406H            LINE#              2276
	C:0408H            LINE#              2277
	C:040AH            LINE#              2278
	C:0410H            LINE#              2279
	C:0413H            LINE#              2280
	C:0415H            LINE#              2281
	C:0424H            LINE#              2282
	C:0426H            LINE#              2283
	C:0428H            LINE#              2284
	C:042EH            LINE#              2285
	C:0431H            LINE#              2286
	C:0433H            LINE#              2287
	C:0434H            LINE#              2288
	C:0435H            LINE#              2289
	C:0436H            LINE#              2290
	C:0438H            LINE#              2292
	C:043BH            LINE#              2294
	C:043EH            LINE#              2296
	C:0440H            LINE#              2297
	C:0442H            LINE#              2298
	C:0444H            LINE#              2300
	C:0447H            LINE#              2303
	C:0449H            LINE#              2304
	C:044BH            LINE#              2308
	C:044DH            LINE#              2309
	C:044FH            LINE#              2312
	C:0451H            LINE#              2313
	C:0453H            LINE#              2316
	C:0455H            LINE#              2317
	C:0457H            LINE#              2318
	C:0459H            LINE#              2321
	C:045CH            LINE#              2322
	C:045EH            LINE#              2326
	C:0461H            LINE#              2327
	C:0463H            LINE#              2329
	C:0465H            LINE#              2330
	C:0466H            LINE#              2331
	C:0468H            LINE#              2333
	C:046AH            LINE#              2334
	C:046CH            LINE#              2335
LX51 CODE BANKING LINKER/LOCATOR V06.16.13.326             07/02/14  12:48:48

	C:046EH            LINE#              2342
	C:0470H            LINE#              2343
	C:0473H            LINE#              2347
	C:0474H            LINE#              2348
	C:0475H            LINE#              2349
	C:0477H            LINE#              2350
	C:0479H            LINE#              2352
	C:047BH            LINE#              2353
	C:047CH            LINE#              2357
	C:047DH            LINE#              2358
	C:047EH            LINE#              2359
	C:0480H            LINE#              2360
	C:0481H            LINE#              2361
	C:0482H            LINE#              2363
	C:0484H            LINE#              2364
	C:0487H            LINE#              2365
	C:0489H            LINE#              2367
	C:048AH            LINE#              2368
	C:048BH            LINE#              2369
	C:048CH            LINE#              2370
	C:048DH            LINE#              2371
	C:048FH            LINE#              2372
	C:0492H            LINE#              2374
	C:0493H            LINE#              2375
	C:0494H            LINE#              2378
	C:0497H            LINE#              2380
	C:0498H            LINE#              2381
	C:0499H            LINE#              2382
	C:049AH            LINE#              2383
	C:049BH            LINE#              2384
	C:049DH            LINE#              2387
	C:049EH            LINE#              2388
	C:049FH            LINE#              2389
	C:04A1H            LINE#              2391
	C:04A3H            LINE#              2392
	C:04A4H            LINE#              2408
	C:04A6H            LINE#              2409
	C:04A8H            LINE#              2410
	C:04AAH            LINE#              2413
	C:04ACH            LINE#              2415
	C:04AFH            LINE#              2417
	C:04B0H            LINE#              2418
	C:04B2H            LINE#              2419
	C:04B4H            LINE#              2420
	C:04B6H            LINE#              2422
	C:04B9H            LINE#              2426
	C:04BBH            LINE#              2427
	C:04BEH            LINE#              2431
	C:04BFH            LINE#              2432
	C:04C1H            LINE#              2433
	C:04C3H            LINE#              2434
	C:04C5H            LINE#              2436
	C:04C7H            LINE#              2437
	C:04C8H            LINE#              2438
	C:04CAH            LINE#              2440
	C:04CCH            LINE#              2441
	C:04CDH            LINE#              2442
	C:04CFH            LINE#              2443
	C:04D1H            LINE#              2445
	C:04D4H            LINE#              2446
	C:04D7H            LINE#              2449
	C:04DAH            LINE#              2453
	C:04DCH            LINE#              2454
	C:04DDH            LINE#              2455
	C:04DFH            LINE#              2456
	C:04E1H            LINE#              2457
	C:04E3H            LINE#              2459
	C:04E5H            LINE#              2461
LX51 CODE BANKING LINKER/LOCATOR V06.16.13.326             07/02/14  12:48:48

	C:04E7H            LINE#              2465
	C:04EAH            LINE#              2466
	C:04ECH            LINE#              2467
	C:04EEH            LINE#              2468
	C:04F0H            LINE#              2469
	C:04F3H            LINE#              2470
	C:04F5H            LINE#              2471
	C:04F6H            LINE#              2475
	C:04F8H            LINE#              2476
	C:04FAH            LINE#              2478
	C:04FCH            LINE#              2479
	C:04FEH            LINE#              2482
	C:0500H            LINE#              2483
	C:0502H            LINE#              2484
	C:0504H            LINE#              2486
	C:0506H            LINE#              2490
	C:0507H            LINE#              2491
	C:0509H            LINE#              2492
	C:050BH            LINE#              2493
	C:050DH            LINE#              2496
	C:0510H            LINE#              2497
	C:0512H            LINE#              2501
	C:0515H            LINE#              2502
	C:0518H            LINE#              2503
	C:051AH            LINE#              2504
	C:051CH            LINE#              2505
	C:051EH            LINE#              2506
	C:0520H            LINE#              2508
	C:0523H            LINE#              2641
	C:0525H            LINE#              2642
	C:0527H            LINE#              2643
	C:0529H            LINE#              2645
	C:052CH            LINE#              2646
	C:052EH            LINE#              2649
	C:0530H            LINE#              2653
	C:0532H            LINE#              2654
	C:0534H            LINE#              2655
	C:0536H            LINE#              2656
	C:0539H            LINE#              2657
	C:053BH            LINE#              2658
	C:053CH            LINE#              2669
	C:053EH            LINE#              2670
	C:0541H            LINE#              2671
	C:0543H            LINE#              2672
	C:0545H            LINE#              2673
	C:0546H            LINE#              2684
	C:0548H            LINE#              2685
	C:054BH            LINE#              2686
	C:054DH            LINE#              2687
	C:054FH            LINE#              2688
	C:0551H            LINE#              2689
	C:0553H            LINE#              2690
	C:0555H            LINE#              2691
	C:0557H            LINE#              2693
	C:055BH            LINE#              2695
	C:055DH            LINE#              2697
	C:0560H            LINE#              2698
	C:0562H            LINE#              2700
	C:0571H            LINE#              2701
	C:0573H            LINE#              2703
	C:0579H            LINE#              2705
	C:057CH            LINE#              2706
	C:057EH            LINE#              2709
	C:0580H            LINE#              2710
	C:0582H            LINE#              2711
	C:0585H            LINE#              2715
	C:0594H            LINE#              2716
	C:0596H            LINE#              2717
LX51 CODE BANKING LINKER/LOCATOR V06.16.13.326             07/02/14  12:48:48

	C:0598H            LINE#              2718
	C:059AH            LINE#              2719
	C:059CH            LINE#              2720
	C:059EH            LINE#              2722
	C:05A0H            LINE#              2724
	C:05A2H            LINE#              2725
	C:05A8H            LINE#              2726
	C:05ABH            LINE#              2727
	C:05ADH            LINE#              2729
	C:05AFH            LINE#              2730
	C:05B1H            LINE#              2734
	C:05C0H            LINE#              2735
	C:05C2H            LINE#              2737
	C:05C5H            LINE#              2738
	C:05C7H            LINE#              2741
	C:05D6H            LINE#              2742
	C:05D8H            LINE#              2743
	C:05DAH            LINE#              2745
	C:05DCH            LINE#              2746
	C:05DEH            LINE#              2748
	C:05DFH            LINE#              2749
	C:05E0H            LINE#              2750
	C:05E2H            LINE#              2751
	C:05E3H            LINE#              2752
	C:05E4H            LINE#              2753
	C:05E6H            LINE#              2754
	C:05E7H            LINE#              2755
	C:05E8H            LINE#              2756
	C:05E9H            LINE#              2757
	C:05EBH            LINE#              2759
	C:05ECH            LINE#              2760
	C:05EDH            LINE#              2761
	C:05EFH            LINE#              2762
	C:05F0H            LINE#              2763
	C:05F2H            LINE#              2764
	C:05F4H            LINE#              2766
	C:05F5H            LINE#              2767
	C:05F7H            LINE#              2768
	C:05F8H            LINE#              2769
	C:05FAH            LINE#              2770
	C:05FCH            LINE#              2774
	C:05FDH            LINE#              2775
	C:05FEH            LINE#              2776
	C:0600H            LINE#              2777
	C:0601H            LINE#              2778
	C:0603H            LINE#              2779
	C:0605H            LINE#              2781
	C:0606H            LINE#              2782
	C:0608H            LINE#              2783
	C:0609H            LINE#              2784
	C:060BH            LINE#              2785
	C:060DH            LINE#              2789
	C:060EH            LINE#              2790
	C:060FH            LINE#              2791
	C:0611H            LINE#              2792
	C:0612H            LINE#              2793
	C:0614H            LINE#              2794
	C:0616H            LINE#              2796
	C:0617H            LINE#              2797
	C:0619H            LINE#              2798
	C:061AH            LINE#              2799
	C:061CH            LINE#              2800
	C:061EH            LINE#              2804
	C:061FH            LINE#              2805
	C:0620H            LINE#              2806
	C:0622H            LINE#              2807
	C:0623H            LINE#              2808
	C:0625H            LINE#              2809
LX51 CODE BANKING LINKER/LOCATOR V06.16.13.326             07/02/14  12:48:48

	C:0627H            LINE#              2811
	C:0628H            LINE#              2812
	C:062AH            LINE#              2813
	C:062BH            LINE#              2814
	C:062DH            LINE#              2815
	C:062FH            LINE#              2819
	C:0630H            LINE#              2820
	C:0631H            LINE#              2821
	C:0633H            LINE#              2822
	C:0634H            LINE#              2823
	C:0636H            LINE#              2824
	C:0638H            LINE#              2826
	C:0639H            LINE#              2827
	C:063BH            LINE#              2828
	C:063CH            LINE#              2829
	C:063EH            LINE#              2833
	C:063FH            LINE#              2834
	C:0640H            LINE#              2835
	C:0642H            LINE#              2836
	C:0643H            LINE#              2837
	C:0644H            LINE#              2838
	C:0646H            LINE#              2839
	C:0647H            LINE#              2841
	C:064AH            LINE#              2842
	C:064BH            LINE#              2843
	C:064CH            LINE#              2844
	C:064EH            LINE#              2845
	C:064FH            LINE#              2846
	C:0650H            LINE#              2847
	C:0651H            LINE#              2848
	C:0652H            LINE#              2852
	C:0655H            LINE#              2853
	C:0657H            LINE#              2855
	C:0658H            LINE#              2856
	C:0659H            LINE#              2857
	C:065AH            LINE#              2858
	C:065CH            LINE#              2860
	C:065FH            LINE#              2864
	C:0661H            LINE#              2865
	C:0663H            LINE#              2867
	C:0665H            LINE#              2868
	C:0667H            LINE#              2870
	C:0669H            LINE#              2871
	C:066BH            LINE#              2875
	C:066CH            LINE#              2876
	C:066DH            LINE#              2877
	C:066FH            LINE#              2878
	C:0670H            LINE#              2879
	C:0671H            LINE#              2880
	C:0673H            LINE#              2881
	C:0674H            LINE#              2882
	C:0677H            LINE#              2883
	C:0679H            LINE#              2884
	C:067CH            LINE#              2885
	C:067EH            LINE#              2887
	C:0681H            LINE#              2888
	C:0683H            LINE#              2890
	C:0684H            LINE#              2891
	C:0685H            LINE#              2892
	C:0686H            LINE#              2893
	C:0687H            LINE#              2894
	C:0688H            LINE#              2895
	C:0689H            LINE#              2896
	C:068AH            LINE#              2898
	C:068DH            LINE#              2899
	C:068FH            LINE#              2901
	C:0690H            LINE#              2902
	C:0691H            LINE#              2903
LX51 CODE BANKING LINKER/LOCATOR V06.16.13.326             07/02/14  12:48:48

	C:0692H            LINE#              2904
	C:0693H            LINE#              2905
	C:0694H            LINE#              2906
	C:0695H            LINE#              2907
	C:0696H            LINE#              2909
	C:0699H            LINE#              2910
	C:069BH            LINE#              2912
	C:069CH            LINE#              2913
	C:069DH            LINE#              2914
	C:069EH            LINE#              2915
	C:069FH            LINE#              2916
	C:06A0H            LINE#              2917
	C:06A1H            LINE#              2918
	C:06A2H            LINE#              2920
	C:06A5H            LINE#              2923
	C:06A6H            LINE#              2924
	C:06A7H            LINE#              2925
	C:06A9H            LINE#              2926
	C:06AAH            LINE#              2927
	C:06ACH            LINE#              2928
	C:06AEH            LINE#              2930
	C:06B1H            LINE#              2933
	C:06B2H            LINE#              2934
	C:06B4H            LINE#              2936
	C:06B5H            LINE#              2937
	C:06B6H            LINE#              2938
	C:06B8H            LINE#              2939
	C:06BAH            LINE#              2941
	C:06BDH            LINE#              2945
	C:06BFH            LINE#              2946
	C:06C2H            LINE#              2949
	C:06C4H            LINE#              2950
	C:06C5H            LINE#              2952
	C:06C7H            LINE#              2954
	C:06CAH            LINE#              2956
	C:06CCH            LINE#              2958
	C:06CDH            LINE#              2961
	C:06CFH            LINE#              2962
	C:06D0H            LINE#              2963
	C:06D1H            LINE#              2964
	C:06D3H            LINE#              2965
	C:06D4H            LINE#              2967
	C:06D5H            LINE#              2968
	C:06D6H            LINE#              2969
	C:06D7H            LINE#              2970
	C:06D8H            LINE#              2971
	C:06D9H            LINE#              2972
	C:06DAH            LINE#              2973
	C:06DBH            LINE#              2975
	C:06DDH            LINE#              2976
	C:06DFH            LINE#              2977
	C:06E0H            LINE#              2978
	C:06E3H            LINE#              2980
	C:06E5H            LINE#              2981
	C:06E7H            LINE#              2984
	C:06EAH            LINE#              2986
	C:06ECH            LINE#              2987
	C:06EEH            LINE#              2988
	C:06F0H            LINE#              2991
	C:06F3H            LINE#              2993
	C:06F5H            LINE#              2994
	C:06F7H            LINE#              2997
	C:06FDH            LINE#              2998
	C:0703H            LINE#              2999
	C:0705H            LINE#              3002
	C:0707H            LINE#              3004
	C:0709H            LINE#              3007
	C:070AH            LINE#              3008
LX51 CODE BANKING LINKER/LOCATOR V06.16.13.326             07/02/14  12:48:48

	C:070DH            LINE#              3010
	C:070EH            LINE#              3011
	C:070FH            LINE#              3012
	C:0711H            LINE#              3013
	C:0712H            LINE#              3014
	C:0713H            LINE#              3015
	C:0714H            LINE#              3016
	C:0716H            LINE#              3017
	C:0717H            LINE#              3018
	C:071AH            LINE#              3022
	C:071CH            LINE#              3023
	C:071EH            LINE#              3024
	C:0720H            LINE#              3028
	C:0722H            LINE#              3029
	C:0723H            LINE#              3030
	C:0726H            LINE#              3032
	C:0727H            LINE#              3033
	C:0728H            LINE#              3034
	C:0729H            LINE#              3035
	C:072AH            LINE#              3036
	C:072BH            LINE#              3037
	C:072CH            LINE#              3038
	C:072DH            LINE#              3039
	C:072EH            LINE#              3040
	C:0730H            LINE#              3041
	C:0731H            LINE#              3042
	C:0732H            LINE#              3043
	C:0734H            LINE#              3044
	C:0735H            LINE#              3045
	C:0737H            LINE#              3047
	C:0739H            LINE#              3048
	C:073BH            LINE#              3052
	C:073CH            LINE#              3053
	C:073DH            LINE#              3054
	C:073FH            LINE#              3055
	C:0740H            LINE#              3056
	C:0742H            LINE#              3057
	C:0744H            LINE#              3059
	C:0746H            LINE#              3060
	C:0748H            LINE#              3061
	C:074AH            LINE#              3064
	C:074BH            LINE#              3065
	C:074EH            LINE#              3066
	C:074FH            LINE#              3067
	C:0751H            LINE#              3068
	C:0753H            LINE#              3069
	C:0754H            LINE#              3070
	C:0755H            LINE#              3071
	C:0757H            LINE#              3072
	C:0759H            LINE#              3074
	C:075CH            LINE#              3077
	C:075EH            LINE#              3078
	C:0760H            LINE#              3079
	C:0763H            LINE#              3082
	C:0764H            LINE#              3083
	C:0765H            LINE#              3084
	C:0766H            LINE#              3085
	C:0767H            LINE#              3086
	C:0768H            LINE#              3087
	C:0769H            LINE#              3088
	C:076AH            LINE#              3091
	C:076DH            LINE#              3092
	C:076EH            LINE#              3093
	C:0770H            LINE#              3095
	C:0772H            LINE#              3097
	C:0773H            LINE#              3098
	C:0774H            LINE#              3099
	C:0775H            LINE#              3100
LX51 CODE BANKING LINKER/LOCATOR V06.16.13.326             07/02/14  12:48:48

	C:0776H            LINE#              3101
	C:0777H            LINE#              3102
	C:0778H            LINE#              3103
	C:077AH            LINE#              3104
	C:077BH            LINE#              3108
	C:077CH            LINE#              3109
	C:077DH            LINE#              3110
	C:077FH            LINE#              3111
	C:0780H            LINE#              3112
	C:0782H            LINE#              3113
	C:0784H            LINE#              3115
	C:0786H            LINE#              3119
	C:0788H            LINE#              3120
	C:078AH            LINE#              3121
	C:078DH            LINE#              3122
	C:078FH            LINE#              3124
	C:0791H            LINE#              3125
	C:0792H            LINE#              3126
	C:0794H            LINE#              3127
	C:0795H            LINE#              3128
	C:0797H            LINE#              3131
	C:079AH            LINE#              3132
	C:079CH            LINE#              3133
	C:079EH            LINE#              3134
	C:07A0H            LINE#              3136
	C:07A3H            LINE#              3139
	C:07A6H            LINE#              3140
	C:07A8H            LINE#              3142
	C:07AAH            LINE#              3143
	C:07ACH            LINE#              3144
	C:07AEH            LINE#              3146
	C:07B1H            LINE#              3149
	C:07B4H            LINE#              3150
	C:07B6H            LINE#              3151
	C:07B8H            LINE#              3152
	C:07BAH            LINE#              3154
	C:07BDH            LINE#              3156
	C:07BFH            LINE#              3157
	C:07C1H            LINE#              3158
	C:07C3H            LINE#              3159
	C:07C5H            LINE#              3160
	C:07C7H            LINE#              3161
	C:07CAH            LINE#              3162
	C:07CBH            LINE#              3175
	C:07CDH            LINE#              3176
	C:07D0H            LINE#              3179
	C:07D2H            LINE#              3180
	C:07D5H            LINE#              3183
	C:07D7H            LINE#              3184
	C:07DAH            LINE#              3187
	C:07DCH            LINE#              3188
	C:07DFH            LINE#              3191
	C:07E1H            LINE#              3192
	C:07E4H            LINE#              3195
	C:07E6H            LINE#              3196
	C:07E9H            LINE#              3199
	C:07EBH            LINE#              3201
	C:07ECH            LINE#              3202
	C:07EFH            LINE#              3203
	C:07F1H            LINE#              3204
	C:07F3H            LINE#              3205
	C:07F4H            LINE#              3216
	C:07F6H            LINE#              3217
	C:07F8H            LINE#              3218
	C:07FBH            LINE#              3221
	C:07FDH            LINE#              3222
	C:07FFH            LINE#              3223
	C:0802H            LINE#              3226
LX51 CODE BANKING LINKER/LOCATOR V06.16.13.326             07/02/14  12:48:48

	C:0804H            LINE#              3227
	C:0806H            LINE#              3228
	C:0809H            LINE#              3231
	C:080BH            LINE#              3232
	C:080DH            LINE#              3233
	C:0810H            LINE#              3236
	C:0812H            LINE#              3237
	C:0815H            LINE#              3238
	C:0817H            LINE#              3240
	C:0819H            LINE#              3241
	C:081AH            LINE#              3242
	C:081CH            LINE#              3243
	C:081FH            LINE#              3244
	C:0825H            LINE#              3245
	C:0828H            LINE#              3246
	C:082AH            LINE#              3247
	C:082DH            LINE#              3248
	C:082FH            LINE#              3249
	C:0832H            LINE#              3251
	C:0840H            LINE#              3252
	C:0842H            LINE#              3253
	C:0845H            LINE#              3255
	C:084FH            LINE#              3256
	C:0851H            LINE#              3257
	C:0854H            LINE#              3258
	C:0856H            LINE#              3260
	C:0857H            LINE#              3261
	C:0858H            LINE#              3263
	C:085BH            LINE#              3264
	C:085DH            LINE#              3265
	C:085FH            LINE#              3266
	C:0861H            LINE#              3267
	C:0863H            LINE#              3268
	C:0864H            LINE#              3280
	C:0865H            LINE#              3281
	C:0867H            LINE#              3282
	C:0869H            LINE#              3283
	C:086CH            LINE#              3285
	C:086EH            LINE#              3286
	C:086FH            LINE#              3287
	C:0870H            LINE#              3288
	C:0871H            LINE#              3289
	C:0872H            LINE#              3290
	C:0873H            LINE#              3291
	C:0874H            LINE#              3292
	C:0876H            LINE#              3294
	C:0877H            LINE#              3295
	C:0878H            LINE#              3296
	C:0879H            LINE#              3297
	C:087AH            LINE#              3298
	C:087BH            LINE#              3299
	C:087CH            LINE#              3300
	C:087DH            LINE#              3301
	C:087EH            LINE#              3302
	C:087FH            LINE#              3303
	C:0880H            LINE#              3304
	C:0881H            LINE#              3305
	C:0882H            LINE#              3306
	C:0883H            LINE#              3307
	C:0884H            LINE#              3308
	C:0885H            LINE#              3309
	C:0886H            LINE#              3310
	C:0887H            LINE#              3311
	C:0889H            LINE#              3312
	C:088AH            LINE#              3313
	C:088BH            LINE#              3314
	C:088CH            LINE#              3315
	C:088DH            LINE#              3317
LX51 CODE BANKING LINKER/LOCATOR V06.16.13.326             07/02/14  12:48:48

	C:088EH            LINE#              3318
	C:088FH            LINE#              3319
	C:0890H            LINE#              3320
	C:0891H            LINE#              3321
	C:0892H            LINE#              3322
	C:0893H            LINE#              3323
	C:0894H            LINE#              3324
	C:0897H            LINE#              3325
	C:0898H            LINE#              3326
	C:0899H            LINE#              3327
	C:089AH            LINE#              3328
	C:089BH            LINE#              3329
	C:089CH            LINE#              3341
	C:089DH            LINE#              3342
	C:089FH            LINE#              3343
	C:08A1H            LINE#              3344
	C:08A3H            LINE#              3345
	C:08A4H            LINE#              3346
	C:08A6H            LINE#              3347
	C:08A8H            LINE#              3348
	C:08ABH            LINE#              3350
	C:08ADH            LINE#              3351
	C:08AEH            LINE#              3352
	C:08B0H            LINE#              3353
	C:08B1H            LINE#              3354
	C:08B2H            LINE#              3355
	C:08B3H            LINE#              3356
	C:08B5H            LINE#              3357
	C:08B6H            LINE#              3359
	C:08B7H            LINE#              3360
	C:08BAH            LINE#              3361
	C:08BBH            LINE#              3362
	C:08BDH            LINE#              3363
[...]
	C:16A5H            LINE#              6463
	C:16A7H            LINE#              6465
LX51 CODE BANKING LINKER/LOCATOR V06.16.13.326             07/02/14  12:48:48

	C:16AAH            LINE#              6469
	C:16ACH            LINE#              6471
	C:16AEH            LINE#              6473
	C:16B0H            LINE#              6474
	C:16B1H            LINE#              6475
	C:16B2H            LINE#              6476
	C:16B4H            LINE#              6477
	C:16B6H            LINE#              6478
	C:16B8H            LINE#              6479
	C:16B9H            LINE#              6480
	C:16BAH            LINE#              6482
	C:16BDH            LINE#              6483
	C:16C0H            LINE#              6484
	C:16C3H            LINE#              6485
	C:16C6H            LINE#              6486
	C:16C9H            LINE#              6488
	C:16CBH            LINE#              6489
	C:16CEH            LINE#              6490
	C:16D0H            LINE#              6491
	C:16DAH            LINE#              6492
	C:16E4H            LINE#              6493
	C:16E6H            LINE#              6494
	C:16E9H            LINE#              6495
	C:16EBH            LINE#              6496
	C:16EDH            LINE#              6497
	C:16F0H            LINE#              6498
	C:16F3H            LINE#              6499
	C:16F6H            LINE#              6500
	C:16F9H            LINE#              6501
	C:16FCH            LINE#              6502
	C:16FFH            LINE#              6503
	C:1702H            LINE#              6514
	C:1704H            LINE#              6515
	C:1706H            LINE#              6516
	C:1709H            LINE#              6517
	C:170CH            LINE#              6522
	C:170FH            LINE#              6523
	C:1712H            LINE#              6524
	C:1715H            LINE#              6525
	C:1718H            LINE#              6526
	C:171BH            LINE#              6527
	C:171EH            LINE#              6528
	C:1721H            LINE#              6529
	C:1724H            LINE#              6530
	C:1727H            LINE#              6531
	C:172AH            LINE#              6536
	C:172DH            LINE#              6537
	C:1730H            LINE#              6538
	C:1733H            LINE#              6539
	C:1736H            LINE#              6540
	C:1739H            LINE#              6541
	C:173CH            LINE#              6542
	C:173FH            LINE#              6543
	C:1742H            LINE#              6544
	C:1745H            LINE#              6545
	C:1748H            LINE#              6550
	C:174BH            LINE#              6551
	C:174EH            LINE#              6552
	C:1751H            LINE#              6553
	C:1754H            LINE#              6554
	C:1757H            LINE#              6555
	C:175AH            LINE#              6556
	C:175DH            LINE#              6557
	C:1760H            LINE#              6558
	C:1763H            LINE#              6559
	C:1766H            LINE#              6564
	C:1769H            LINE#              6565
	C:176CH            LINE#              6566
LX51 CODE BANKING LINKER/LOCATOR V06.16.13.326             07/02/14  12:48:48

	C:176FH            LINE#              6567
	C:1772H            LINE#              6568
	C:1775H            LINE#              6569
	C:1778H            LINE#              6570
	C:177BH            LINE#              6571
	C:177EH            LINE#              6572
	C:1781H            LINE#              6573
	C:1784H            LINE#              6578
	C:1787H            LINE#              6579
	C:178AH            LINE#              6580
	C:178DH            LINE#              6581
	C:1790H            LINE#              6582
	C:1793H            LINE#              6583
	C:1795H            LINE#              6584
	C:1798H            LINE#              6585
	C:179BH            LINE#              6586
	C:179EH            LINE#              6587
	C:17A1H            LINE#              6592
	C:17A4H            LINE#              6593
	C:17A7H            LINE#              6594
	C:17AAH            LINE#              6595
	C:17ADH            LINE#              6596
	C:17B0H            LINE#              6597
	C:17B3H            LINE#              6598
	C:17B5H            LINE#              6599
	C:17B8H            LINE#              6600
	C:17BBH            LINE#              6601
	C:17BEH            LINE#              6602
	C:17C1H            LINE#              6605
	C:17C4H            LINE#              6608
	C:17C7H            LINE#              6609
	C:17CAH            LINE#              6610
	C:17CDH            LINE#              6611
	C:17D0H            LINE#              6613
	C:17D2H            LINE#              6614
	C:17D4H            LINE#              6616
	C:17D6H            LINE#              6617
	C:17D7H            LINE#              6618
	C:17DAH            LINE#              6620
	C:17DCH            LINE#              6621
	C:17DEH            LINE#              6625
	C:17DFH            LINE#              6626
	C:17E1H            LINE#              6627
	C:17E2H            LINE#              6628
	C:17E4H            LINE#              6630
	C:17E6H            LINE#              6631
	C:17E8H            LINE#              6632
	C:17EAH            LINE#              6638
	C:17ECH            LINE#              6639
	C:17EDH            LINE#              6640
	C:17F0H            LINE#              6642
	C:17F3H            LINE#              6643
	C:17F6H            LINE#              6647
	C:17F9H            LINE#              6650
	C:17FAH            LINE#              6651
	C:17FCH            LINE#              6652
	C:17FEH            LINE#              6653
	C:1800H            LINE#              6655
	C:1803H            LINE#              6657
	C:1806H            LINE#              6662
	C:1809H            LINE#              6665
	C:180BH            LINE#              6666
	C:180CH            LINE#              6668
	C:180EH            LINE#              6670
	C:1810H            LINE#              6671
	C:1813H            LINE#              6674
	C:1815H            LINE#              6676
	C:1816H            LINE#              6677
LX51 CODE BANKING LINKER/LOCATOR V06.16.13.326             07/02/14  12:48:48

	C:1818H            LINE#              6678
	C:181AH            LINE#              6679
	C:181CH            LINE#              6681
	C:181FH            LINE#              6683
	C:1822H            LINE#              6701
	C:1823H            LINE#              6702
	C:1825H            LINE#              6703
	C:1827H            LINE#              6704
	C:1829H            LINE#              6707
	C:182BH            LINE#              6708
	C:182DH            LINE#              6709
	C:182FH            LINE#              6711
	C:1831H            LINE#              6712
	C:1833H            LINE#              6715
	C:1834H            LINE#              6716
	C:1836H            LINE#              6717
	C:1838H            LINE#              6718
	C:183AH            LINE#              6719
	C:183DH            LINE#              6723
	C:183FH            LINE#              6724
	C:1842H            LINE#              6725
	C:1844H            LINE#              6726
	C:1845H            LINE#              6727
	C:1846H            LINE#              6728
	C:1848H            LINE#              6729
	C:184BH            LINE#              6730
	C:184DH            LINE#              6731
	C:184EH            LINE#              6732
	C:184FH            LINE#              6733
	C:1850H            LINE#              6734
	C:1852H            LINE#              6735
	C:1854H            LINE#              6736
	C:1856H            LINE#              6737
	C:1858H            LINE#              6738
	C:185AH            LINE#              6739
	C:185CH            LINE#              6740
	C:185EH            LINE#              6741
	C:1861H            LINE#              6742
	C:1864H            LINE#              6775
	C:1866H            LINE#              6776
	C:1868H            LINE#              6777
	C:186AH            LINE#              6779
	C:186CH            LINE#              6780
	C:186EH            LINE#              6782
	C:1871H            LINE#              6785
	C:1874H            LINE#              42
	C:1877H            LINE#              43
	C:1879H            LINE#              44
	C:187CH            LINE#              45
	C:187EH            LINE#              53
	C:1881H            LINE#              55
	C:1882H            LINE#              56
	C:1885H            LINE#              57
	C:1887H            LINE#              65
	C:188AH            LINE#              67
	C:188DH            LINE#              71
	C:1890H            LINE#              72
	C:1893H            LINE#              73
	C:1896H            LINE#              78
	C:1899H            LINE#              83
	C:189BH            LINE#              84
	C:189DH            LINE#              86
	C:18A0H            LINE#              87
	C:18A1H            LINE#              88
	C:18A2H            LINE#              89
	C:18A4H            LINE#              91
	C:18A7H            LINE#              92
	C:18A9H            LINE#              93
LX51 CODE BANKING LINKER/LOCATOR V06.16.13.326             07/02/14  12:48:48

	C:18ABH            LINE#              95
	C:18AEH            LINE#              96
	C:18AFH            LINE#              97
	C:18B0H            LINE#              98
	C:18B2H            LINE#              100
	C:18B5H            LINE#              103
	C:18B6H            LINE#              114
	C:18B8H            LINE#              115
	C:18BBH            LINE#              116
	C:18BEH            LINE#              118
	C:18C1H            LINE#              119
	C:18C3H            LINE#              120
	C:18C6H            LINE#              122
	C:18C7H            LINE#              123
	C:18C9H            LINE#              124
	C:18CCH            LINE#              126
	C:18CDH            LINE#              127
	C:18CFH            LINE#              128
	C:18D2H            LINE#              132
	C:18D5H            LINE#              137
	C:18D7H            LINE#              138
	C:18D9H            LINE#              140
	C:18DCH            LINE#              141
	C:18DDH            LINE#              142
	C:18DEH            LINE#              143
	C:18E0H            LINE#              145
	C:18E3H            LINE#              146
	C:18E5H            LINE#              147
	C:18E7H            LINE#              149
	C:18EAH            LINE#              150
	C:18EBH            LINE#              151
	C:18ECH            LINE#              152
	C:18EEH            LINE#              154
	C:18F1H            LINE#              155
	C:18F4H            LINE#              156
	C:18F7H            LINE#              157
	C:1C00H            LINE#              174
	C:1C01H            LINE#              175
	C:1C02H            LINE#              176
	C:1C03H            LINE#              177
	C:1C04H            LINE#              189
	C:1C05H            LINE#              191
	C:1C08H            LINE#              192
	C:1C0BH            LINE#              193
	C:1C0EH            LINE#              194
	C:1C11H            LINE#              195
	C:1C14H            LINE#              196
	C:1C15H            LINE#              197
	C:1C18H            LINE#              198
	C:1C19H            LINE#              209
	C:1C1CH            LINE#              210
	C:1C1FH            LINE#              211
	C:1C22H            LINE#              212
	C:1C25H            LINE#              213
	C:1C28H            LINE#              214
	C:1C2BH            LINE#              215
	C:1C2CH            LINE#              216
	C:1C2FH            LINE#              217
	C:1C30H            LINE#              247
	C:1C33H            LINE#              248
	C:1C35H            LINE#              249
	C:1C37H            LINE#              251
	C:1C3AH            LINE#              252
	C:1C3CH            LINE#              253
	C:1C3EH            LINE#              255
	C:1C3FH            LINE#              266
	C:1C41H            LINE#              267
	C:1C43H            LINE#              268
LX51 CODE BANKING LINKER/LOCATOR V06.16.13.326             07/02/14  12:48:48

	C:1C45H            LINE#              269
	C:1C48H            LINE#              271
	C:1C4AH            LINE#              272
	C:1C4CH            LINE#              273
	C:1C4DH            LINE#              274
	C:1C4EH            LINE#              275
	C:1C4FH            LINE#              276
	C:1C51H            LINE#              277
	C:1C52H            LINE#              288
	C:1C54H            LINE#              289
	C:1C56H            LINE#              290
	C:1C59H            LINE#              292
	C:1C5AH            LINE#              293
	C:1C5CH            LINE#              294
	C:1C5DH            LINE#              295
	C:1C5EH            LINE#              296
	C:1C60H            LINE#              297
	C:1C61H            LINE#              308
	C:1C63H            LINE#              309
	C:1C65H            LINE#              430
	C:1C68H            LINE#              431
	C:1C6AH            LINE#              434
	C:1C6DH            LINE#              435
	C:1C6FH            LINE#              438
	C:1C72H            LINE#              439
	C:1C74H            LINE#              442
	C:1C77H            LINE#              443
	C:1C79H            LINE#              446
	C:1C7CH            LINE#              447
	C:1C7EH            LINE#              450
	C:1C81H            LINE#              451
	C:1C83H            LINE#              454
	C:1C86H            LINE#              455
	C:1C88H            LINE#              458
	C:1C8BH            LINE#              459
	C:1C8DH            LINE#              462
	C:1C90H            LINE#              463
	C:1C92H            LINE#              466
	C:1C95H            LINE#              467
	C:1C97H            LINE#              470
	C:1C9AH            LINE#              471
	C:1C9CH            LINE#              474
	C:1C9FH            LINE#              475
	C:1CA1H            LINE#              478
	C:1CA4H            LINE#              479
	C:1CA6H            LINE#              482
	C:1CA9H            LINE#              483
	C:1CABH            LINE#              486
	C:1CAEH            LINE#              487
	C:1CB0H            LINE#              490
	C:1CB3H            LINE#              491
	C:1CB5H            LINE#              495
	C:1CB6H            LINE#              496
	C:1CB7H            LINE#              497
	C:1CB8H            LINE#              508
	C:1CBAH            LINE#              510
	C:1CBDH            LINE#              511
	C:1CBFH            LINE#              512
	C:1CC0H            LINE#              523
	C:1CC2H            LINE#              524
	C:1CC5H            LINE#              525
	C:1CC8H            LINE#              526
	C:1CCBH            LINE#              527
	C:1CCEH            LINE#              528
	C:1CD1H            LINE#              529
	C:1CD4H            LINE#              530
	C:1CD7H            LINE#              531
	C:1CDAH            LINE#              532
LX51 CODE BANKING LINKER/LOCATOR V06.16.13.326             07/02/14  12:48:48

	C:1CDDH            LINE#              533
	C:1CE0H            LINE#              534
	C:1CE3H            LINE#              535
	C:1CE6H            LINE#              536
	C:1CE9H            LINE#              537
	C:1CECH            LINE#              538
	C:1CEEH            LINE#              539
	C:1CEFH            LINE#              550
	C:1CF1H            LINE#              551
	C:1CF4H            LINE#              552
	C:1CF7H            LINE#              553
	C:1CFAH            LINE#              554
	C:1CFDH            LINE#              555
	C:1D00H            LINE#              556
	C:1D03H            LINE#              557
	C:1D06H            LINE#              558
	C:1D09H            LINE#              559
	C:1D0CH            LINE#              560
	C:1D0FH            LINE#              561
	C:1D12H            LINE#              562
	C:1D15H            LINE#              563
	C:1D18H            LINE#              564
	C:1D1BH            LINE#              565
	C:1D1DH            LINE#              566
	C:1D1EH            LINE#              577
	C:1D20H            LINE#              578
	C:1D22H            LINE#              579
	C:1D24H            LINE#              581
	C:1D27H            LINE#              582
	C:1D2AH            LINE#              583
	C:1D2DH            LINE#              584
	C:1D30H            LINE#              585
	C:1D32H            LINE#              587
	C:1D35H            LINE#              588
	C:1D38H            LINE#              589
	C:1D3AH            LINE#              590
	C:1D3CH            LINE#              591
	C:1D3DH            LINE#              603
	C:1D3FH            LINE#              604
	C:1D41H            LINE#              605
	C:1D43H            LINE#              608
	C:1D46H            LINE#              610
	C:1D49H            LINE#              612
	C:1D4CH            LINE#              614
	C:1D4EH            LINE#              615
	C:1D50H            LINE#              617
	C:1D52H            LINE#              618
	C:1D55H            LINE#              619
	C:1D56H            LINE#              620
	C:1D57H            LINE#              621
	C:1D59H            LINE#              622
	C:1D5BH            LINE#              623
	C:1D5CH            LINE#              624
	C:1D5EH            LINE#              625
	C:1D60H            LINE#              626
	C:1D62H            LINE#              628
	C:1D63H            LINE#              629
	C:1D65H            LINE#              630
	C:1D67H            LINE#              631
	C:1D69H            LINE#              633
	C:1D6BH            LINE#              636
	C:1D6DH            LINE#              637
	C:1D70H            LINE#              638
	C:1D72H            LINE#              639
	C:1D74H            LINE#              641
	C:1D77H            LINE#              645
	C:1D79H            LINE#              648
	C:1D7BH            LINE#              649
LX51 CODE BANKING LINKER/LOCATOR V06.16.13.326             07/02/14  12:48:48

	C:1D7DH            LINE#              650
	C:1D7EH            LINE#              651
	C:1D80H            LINE#              652
	C:1D82H            LINE#              653
	C:1D84H            LINE#              655
	C:1D86H            LINE#              658
	C:1D88H            LINE#              659
	C:1D8AH            LINE#              675
	C:1D8CH            LINE#              676
	C:1D8DH            LINE#              677
	C:1D90H            LINE#              678
	C:1D91H            LINE#              679
	C:1D92H            LINE#              681
	C:1D93H            LINE#              682
	C:1D94H            LINE#              683
	C:1D96H            LINE#              684
	C:1D97H            LINE#              685
	C:1D99H            LINE#              686
	C:1D9BH            LINE#              689
	C:1D9DH            LINE#              690
	C:1D9FH            LINE#              691
	C:1DA1H            LINE#              703
	C:1DA2H            LINE#              704
	C:1DA4H            LINE#              705
	C:1DA6H            LINE#              707
	C:1DA8H            LINE#              708
	C:1DAAH            LINE#              711
	C:1DADH            LINE#              712
	C:1DB0H            LINE#              713
	C:1DB2H            LINE#              715
	C:1DB5H            LINE#              719
	-------            ENDMOD             BLHELI

----------------------
SUGGESTED OPTIMIZATION
----------------------
Warning: 38 (26H) data bytes in the range [00H-80H] are available for storage&
.
         Consider using some of these for 'data' variables in your source fil&
es.


LINK/LOCATE RUN COMPLETE,  NO ERROR FOUND.

